Archive member included to satisfy reference by file (symbol)

liblvgl.a(lv_obj.c.o)         CMakeFiles/vibecode4.dir/src/st7789.c.o (lv_obj_create)
liblvgl.a(lv_obj_class.c.o)   liblvgl.a(lv_obj.c.o) (lv_obj_class_create_obj)
liblvgl.a(lv_obj_draw.c.o)    liblvgl.a(lv_obj.c.o) (lv_obj_init_draw_rect_dsc)
liblvgl.a(lv_obj_event.c.o)   liblvgl.a(lv_obj.c.o) (lv_obj_send_event)
liblvgl.a(lv_obj_pos.c.o)     CMakeFiles/vibecode4.dir/src/widgets.c.o (lv_obj_set_size)
liblvgl.a(lv_obj_scroll.c.o)  liblvgl.a(lv_obj.c.o) (lv_obj_get_scrollbar_mode)
liblvgl.a(lv_obj_style.c.o)   liblvgl.a(lv_obj.c.o) (lv_obj_enable_style_refresh)
liblvgl.a(lv_obj_style_gen.c.o)
                              liblvgl.a(lv_obj_pos.c.o) (lv_obj_set_style_width)
liblvgl.a(lv_obj_tree.c.o)    CMakeFiles/vibecode4.dir/src/widgets.c.o (lv_obj_delete)
liblvgl.a(lv_observer.c.o)    liblvgl.a(lv_obj_style.c.o) (lv_subject_get_int)
liblvgl.a(lv_refr.c.o)        liblvgl.a(lv_obj_pos.c.o) (lv_inv_area)
liblvgl.a(lv_display.c.o)     CMakeFiles/vibecode4.dir/src/st7789.c.o (lv_display_create)
liblvgl.a(lv_draw.c.o)        liblvgl.a(lv_refr.c.o) (lv_draw_dispatch)
liblvgl.a(lv_draw_blur.c.o)   liblvgl.a(lv_obj.c.o) (lv_draw_blur_dsc_init)
liblvgl.a(lv_draw_buf.c.o)    liblvgl.a(lv_refr.c.o) (lv_draw_buf_width_to_stride)
liblvgl.a(lv_draw_image.c.o)  liblvgl.a(lv_refr.c.o) (lv_draw_image_dsc_init)
liblvgl.a(lv_draw_label.c.o)  liblvgl.a(lv_draw.c.o) (lv_draw_task_get_label_dsc)
liblvgl.a(lv_draw_mask.c.o)   liblvgl.a(lv_refr.c.o) (lv_draw_mask_rect_dsc_init)
liblvgl.a(lv_draw_rect.c.o)   liblvgl.a(lv_obj.c.o) (lv_draw_rect_dsc_init)
liblvgl.a(lv_image_decoder.c.o)
                              liblvgl.a(lv_draw_image.c.o) (lv_image_decoder_get_info)
liblvgl.a(lv_draw_sw_mask.c.o)
                              liblvgl.a(lv_refr.c.o) (lv_draw_sw_mask_cleanup)
liblvgl.a(lv_font.c.o)        liblvgl.a(lv_draw_label.c.o) (lv_font_get_glyph_bitmap)
liblvgl.a(lv_font_montserrat_14.c.o)
                              liblvgl.a(lv_display.c.o) (lv_font_montserrat_14)
liblvgl.a(lv_indev.c.o)       liblvgl.a(lv_obj_scroll.c.o) (lv_indev_get_next)
liblvgl.a(lv_indev_scroll.c.o)
                              liblvgl.a(lv_indev.c.o) (lv_indev_scroll_throw_handler)
liblvgl.a(lv_layout.c.o)      liblvgl.a(lv_obj_pos.c.o) (lv_layout_get_min_size)
liblvgl.a(lv_init.c.o)        CMakeFiles/vibecode4.dir/src/st7789.c.o (lv_init)
liblvgl.a(lv_image_cache.c.o)
                              liblvgl.a(lv_image_decoder.c.o) (lv_image_cache_init)
liblvgl.a(lv_image_header_cache.c.o)
                              liblvgl.a(lv_image_decoder.c.o) (lv_image_header_cache_init)
liblvgl.a(lv_cache.c.o)       liblvgl.a(lv_image_cache.c.o) (lv_cache_create)
liblvgl.a(lv_cache_entry.c.o)
                              liblvgl.a(lv_cache.c.o) (lv_cache_entry_get_ref)
liblvgl.a(lv_anim.c.o)        liblvgl.a(lv_init.c.o) (lv_anim_core_init)
liblvgl.a(lv_anim_timeline.c.o)
                              liblvgl.a(lv_obj.c.o) (lv_anim_timeline_start)
liblvgl.a(lv_area.c.o)        liblvgl.a(lv_obj_scroll.c.o) (lv_area_set)
liblvgl.a(lv_async.c.o)       liblvgl.a(lv_obj_tree.c.o) (lv_async_call)
liblvgl.a(lv_color.c.o)       liblvgl.a(lv_draw_buf.c.o) (lv_color_format_get_bpp)
liblvgl.a(lv_color_op.c.o)    liblvgl.a(lv_obj_draw.c.o) (lv_color_mix)
liblvgl.a(lv_event.c.o)       liblvgl.a(lv_obj_event.c.o) (lv_event_push)
liblvgl.a(lv_fs.c.o)          liblvgl.a(lv_init.c.o) (lv_fs_init)
liblvgl.a(lv_iter.c.o)        liblvgl.a(lv_image_cache.c.o) (lv_iter_destroy)
liblvgl.a(lv_ll.c.o)          liblvgl.a(lv_obj_style.c.o) (lv_ll_init)
liblvgl.a(lv_math.c.o)        liblvgl.a(lv_draw_sw_mask.c.o) (lv_trigo_sin)
liblvgl.a(lv_palette.c.o)     liblvgl.a(lv_display.c.o) (lv_palette_main)
liblvgl.a(lv_style.c.o)       liblvgl.a(lv_obj_style.c.o) (lv_style_init)
liblvgl.a(lv_text.c.o)        liblvgl.a(lv_draw_label.c.o) (lv_text_get_next_line)
liblvgl.a(lv_timer.c.o)       liblvgl.a(lv_init.c.o) (lv_timer_core_init)
liblvgl.a(lv_os.c.o)          liblvgl.a(lv_init.c.o) (lv_os_init)
liblvgl.a(lv_mem_core_builtin.c.o)
                              liblvgl.a(lv_init.c.o) (lv_mem_init)
liblvgl.a(lv_sprintf_builtin.c.o)
                              liblvgl.a(lv_fs.c.o) (lv_snprintf)
liblvgl.a(lv_string_builtin.c.o)
                              liblvgl.a(lv_obj_draw.c.o) (lv_memcpy)
liblvgl.a(lv_tlsf.c.o)        liblvgl.a(lv_mem_core_builtin.c.o) (lv_tlsf_check)
liblvgl.a(lv_mem.c.o)         liblvgl.a(lv_obj.c.o) (lv_malloc)
liblvgl.a(lv_theme_default.c.o)
                              liblvgl.a(lv_display.c.o) (lv_theme_default_init)
liblvgl.a(lv_theme.c.o)       liblvgl.a(lv_obj_class.c.o) (lv_theme_apply)
liblvgl.a(lv_theme_mono.c.o)  liblvgl.a(lv_init.c.o) (lv_theme_mono_deinit)
liblvgl.a(lv_theme_simple.c.o)
                              liblvgl.a(lv_init.c.o) (lv_theme_simple_deinit)
liblvgl.a(lv_tick.c.o)        CMakeFiles/vibecode4.dir/src/main.c.o (lv_tick_inc)
[...]
Memory Configuration

Name             Origin             Length             Attributes
FLASH            0x10000000         0x00400000         xr
RAM              0x20000000         0x00080000         xrw
SCRATCH_X        0x20080000         0x00001000         xrw
SCRATCH_Y        0x20081000         0x00001000         xrw
*default*        0x00000000         0xffffffff

Linker script and memory map

LOAD /home/doug/.pico-sdk/toolchain/14_2_Rel1/bin/../lib/gcc/arm-none-eabi/14.2.1/thumb/v8-m.main+fp/softfp/crti.o
LOAD /home/doug/.pico-sdk/toolchain/14_2_Rel1/bin/../lib/gcc/arm-none-eabi/14.2.1/thumb/v8-m.main+fp/softfp/crtbegin.o
LOAD /home/doug/.pico-sdk/toolchain/14_2_Rel1/bin/../lib/gcc/arm-none-eabi/14.2.1/../../../../arm-none-eabi/lib/thumb/v8-m.main+fp/softfp/crt0.o

.flash_begin    0x10000000        0x0
                0x10000000                        __flash_binary_start = .

.text           0x10000000    0x7b8ec
                0x10000000                        __logical_binary_start = .
 *(.vectors)
 .vectors       0x10000000      0x124 CMakeFiles/vibecode4.dir/home/doug/rpi-pico/pico-sdk/src/rp2_common/pico_crt0/crt0.S.o
                0x10000000                __vectors
                0x10000000                __VECTOR_TABLE
                0x10000110                isr_usagefault
                0x10000110                isr_irq47
                0x10000110                isr_irq48
                0x10000110                isr_irq49
                0x10000110                __vectors_end
                0x10000110                isr_irq45
                0x10000110                isr_irq40
                0x10000110                isr_irq46
                0x10000110                isr_irq4
                0x10000110                __default_isrs_start
                0x10000110                isr_irq5
                0x10000110                isr_irq42
                0x10000110                isr_irq2
                0x10000110                isr_irq3
                0x10000110                isr_irq44
                0x10000110                isr_irq41
                0x10000110                isr_irq0
                0x10000110                isr_irq1
                0x10000110                isr_irq43
                0x10000110                isr_irq38
                0x10000110                isr_irq39
                0x10000110                isr_irq37
                0x10000110                isr_irq36
                0x10000110                isr_irq31
                0x10000110                isr_irq30
                0x10000110                isr_irq33
                0x10000110                isr_irq32
                0x10000110                isr_irq35
                0x10000110                isr_irq34
                0x10000110                isr_irq27
                0x10000110                isr_irq28
                0x10000110                isr_irq29
                0x10000110                isr_irq26
                0x10000110                isr_irq25
                0x10000110                isr_irq20
                0x10000110                isr_irq22
                0x10000110                isr_busfault
                0x10000110                isr_irq21
                0x10000110                isr_irq24
                0x10000110                isr_irq23
                0x10000110                isr_securefault
                0x10000110                isr_irq19
                0x10000110                isr_irq14
                0x10000110                isr_irq13
                0x10000110                isr_memmanage
                0x10000110                isr_irq16
                0x10000110                isr_irq18
                0x10000110                isr_irq15
                0x10000110                isr_irq17
                0x10000110                isr_irq12
                0x10000110                isr_irq10
                0x10000110                isr_irq51
                0x10000110                isr_irq11
                0x10000110                isr_irq50
                0x10000110                __unhandled_user_irq
                0x10000110                isr_irq8
                0x10000110                isr_irq9
                0x10000110                isr_irq6
                0x10000110                isr_irq7
                0x10000110                isr_debugmonitor
                0x10000116                unhandled_user_irq_num_in_r0
                0x10000118                isr_invalid
                0x1000011a                isr_nmi
                0x1000011c                isr_hardfault
                0x1000011e                isr_svcall
                0x10000120                isr_pendsv
                0x10000122                isr_systick
                0x10000124                __default_isrs_end
 *(.binary_info_header)
 .binary_info_header
                0x10000124       0x14 CMakeFiles/vibecode4.dir/home/doug/rpi-pico/pico-sdk/src/rp2_common/pico_crt0/crt0.S.o
                0x10000138                        __binary_info_header_end = .
 *(.embedded_block)
 .embedded_block
                0x10000138       0x14 CMakeFiles/vibecode4.dir/home/doug/rpi-pico/pico-sdk/src/rp2_common/pico_crt0/crt0.S.o
                0x1000014c                        __embedded_block_end = .
 *(.reset)
 .reset         0x1000014c       0x98 CMakeFiles/vibecode4.dir/home/doug/rpi-pico/pico-sdk/src/rp2_common/pico_crt0/crt0.S.o
                0x1000014c                _entry_point
 *(.init)
 .init          0x100001e4        0x4 /home/doug/.pico-sdk/toolchain/14_2_Rel1/bin/../lib/gcc/arm-none-eabi/14.2.1/thumb/v8-m.main+fp/softfp/crti.o
                0x100001e4                _init
 *libgcc.a:cmse_nonsecure_call.o()
 *(EXCLUDE_FILE(*libm.a: *libc.a:*lib_a-mem*.o *libgcc.a:) .text*)
 .text.register_tm_clones
                0x100001e8       0x28 /home/doug/.pico-sdk/toolchain/14_2_Rel1/bin/../lib/gcc/arm-none-eabi/14.2.1/thumb/v8-m.main+fp/softfp/crtbegin.o
 .text.frame_dummy
                0x10000210       0x24 /home/doug/.pico-sdk/toolchain/14_2_Rel1/bin/../lib/gcc/arm-none-eabi/14.2.1/thumb/v8-m.main+fp/softfp/crtbegin.o
 .text.parser_task
                0x10000234      0x108 CMakeFiles/vibecode4.dir/src/main.c.o
 .text.blinker_task
                0x1000033c       0x38 CMakeFiles/vibecode4.dir/src/main.c.o
 .text.lvgl_tick_cb
                0x10000374       0x24 CMakeFiles/vibecode4.dir/src/main.c.o
 .text.timer_task
                0x10000398      0x10c CMakeFiles/vibecode4.dir/src/main.c.o
 .text.vApplicationStackOverflowHook
                0x100004a4       0x14 CMakeFiles/vibecode4.dir/src/main.c.o
                0x100004a4                vApplicationStackOverflowHook
 .text.vApplicationMallocFailedHook
                0x100004b8       0x14 CMakeFiles/vibecode4.dir/src/main.c.o
                0x100004b8                vApplicationMallocFailedHook
 .text.startup.main
                0x100004cc      0x12c CMakeFiles/vibecode4.dir/src/main.c.o
                0x100004cc                main
 .text.lcd_write_pixels
                0x100005f8       0x90 CMakeFiles/vibecode4.dir/src/st7789.c.o
                0x100005f8                lcd_write_pixels
 .text.lcd_write_pixels_dma
                0x10000688       0xc0 CMakeFiles/vibecode4.dir/src/st7789.c.o
                0x10000688                lcd_write_pixels_dma
 .text.setDrawArea
                0x10000748      0x1a4 CMakeFiles/vibecode4.dir/src/st7789.c.o
                0x10000748                setDrawArea
 .text.disp_flush
                0x100008ec       0xc8 CMakeFiles/vibecode4.dir/src/st7789.c.o
 .text.st7789_lcd_init
                0x100009b4      0x1c0 CMakeFiles/vibecode4.dir/src/st7789.c.o
                0x100009b4                st7789_lcd_init
 .text.initialize_lvgl
                0x10000b74       0x60 CMakeFiles/vibecode4.dir/src/st7789.c.o
                0x10000b74                initialize_lvgl
 .text.fnMicDebug
                0x10000bd4       0x6c CMakeFiles/vibecode4.dir/src/parser.c.o
 .text.fnBlink  0x10000c40       0x84 CMakeFiles/vibecode4.dir/src/parser.c.o
 .text.fnHelp   0x10000cc4       0x4c CMakeFiles/vibecode4.dir/src/parser.c.o
 .text.fnSetTime
                0x10000d10       0x80 CMakeFiles/vibecode4.dir/src/parser.c.o
 .text.fnStopClock
                0x10000d90       0x44 CMakeFiles/vibecode4.dir/src/parser.c.o
 .text.fnStartClock
                0x10000dd4       0x40 CMakeFiles/vibecode4.dir/src/parser.c.o
 .text.parse    0x10000e14       0xe4 CMakeFiles/vibecode4.dir/src/parser.c.o
                0x10000e14                parse
 .text.create_initial_screen
                0x10000ef8       0x38 CMakeFiles/vibecode4.dir/src/widgets.c.o
                0x10000ef8                create_initial_screen
 .text.create_clock_widget
                0x10000f30      0x114 CMakeFiles/vibecode4.dir/src/widgets.c.o
                0x10000f30                create_clock_widget
 .text.remove_clock_widget
                0x10001044       0x2c CMakeFiles/vibecode4.dir/src/widgets.c.o
                0x10001044                remove_clock_widget
 .text.clear_screen
                0x10001070       0x20 CMakeFiles/vibecode4.dir/src/widgets.c.o
                0x10001070                clear_screen
 .text.set_clock_needle_value
                0x10001090       0x34 CMakeFiles/vibecode4.dir/src/widgets.c.o
                0x10001090                set_clock_needle_value
 .text.pdm_filter_config_init
                0x100010c4       0x94 CMakeFiles/vibecode4.dir/src/microphone.c.o
                0x100010c4                pdm_filter_config_init
 .text.microphone_init
                0x10001158      0x130 CMakeFiles/vibecode4.dir/src/microphone.c.o
                0x10001158                microphone_init
 .text.microphone_task
                0x10001288      0x1f4 CMakeFiles/vibecode4.dir/src/microphone.c.o
                0x10001288                microphone_task
 .text.get_audio_ready
                0x1000147c        0xc CMakeFiles/vibecode4.dir/src/microphone.c.o
                0x1000147c                get_audio_ready
 .text.clear_audio_ready
                0x10001488        0xc CMakeFiles/vibecode4.dir/src/microphone.c.o
                0x10001488                clear_audio_ready
 .text.initialize_pdm_clock
                0x10001494      0x168 CMakeFiles/vibecode4.dir/src/microphone.c.o
                0x10001494                initialize_pdm_clock
 .text.audio_consumer_task
                0x100015fc      0x174 CMakeFiles/vibecode4.dir/src/audio_consumer.c.o
                0x100015fc                audio_consumer_task
 .text.audio_consumer_init
                0x10001770       0x3c CMakeFiles/vibecode4.dir/src/audio_consumer.c.o
                0x10001770                audio_consumer_init
 .text.filter_table_mono_64
                0x100017ac       0xb0 CMakeFiles/vibecode4.dir/src/OpenPDMFilter.c.o
                0x100017ac                filter_table_mono_64
 .text.filter_table_stereo_64
                0x1000185c       0xb0 CMakeFiles/vibecode4.dir/src/OpenPDMFilter.c.o
                0x1000185c                filter_table_stereo_64
 *fill*         0x1000190c        0x4 
 .text.Open_PDM_Filter_Init
                0x10001910      0x424 CMakeFiles/vibecode4.dir/src/OpenPDMFilter.c.o
                0x10001910                Open_PDM_Filter_Init
 .text.Open_PDM_Filter_64
                0x10001d34      0x1bc CMakeFiles/vibecode4.dir/src/OpenPDMFilter.c.o
                0x10001d34                Open_PDM_Filter_64
 .text.gpio_set_function
                0x10001ef0       0x3c CMakeFiles/vibecode4.dir/home/doug/rpi-pico/pico-sdk/src/rp2_common/hardware_gpio/gpio.c.o
                0x10001ef0                gpio_set_function
 .text.gpio_set_pulls
                0x10001f2c       0x28 CMakeFiles/vibecode4.dir/home/doug/rpi-pico/pico-sdk/src/rp2_common/hardware_gpio/gpio.c.o
                0x10001f2c                gpio_set_pulls
 .text.gpio_set_input_hysteresis_enabled
                0x10001f54       0x20 CMakeFiles/vibecode4.dir/home/doug/rpi-pico/pico-sdk/src/rp2_common/hardware_gpio/gpio.c.o
                0x10001f54                gpio_set_input_hysteresis_enabled
 .text.gpio_set_irq_enabled
                0x10001f74       0x48 CMakeFiles/vibecode4.dir/home/doug/rpi-pico/pico-sdk/src/rp2_common/hardware_gpio/gpio.c.o
                0x10001f74                gpio_set_irq_enabled
 .text.gpio_add_raw_irq_handler_with_order_priority_masked
                0x10001fbc       0x44 CMakeFiles/vibecode4.dir/home/doug/rpi-pico/pico-sdk/src/rp2_common/hardware_gpio/gpio.c.o
                0x10001fbc                gpio_add_raw_irq_handler_with_order_priority_masked
 .text.gpio_init
                0x10002000       0x48 CMakeFiles/vibecode4.dir/home/doug/rpi-pico/pico-sdk/src/rp2_common/hardware_gpio/gpio.c.o
                0x10002000                gpio_init
 .text.panic    0x10002048       0x30 CMakeFiles/vibecode4.dir/home/doug/rpi-pico/pico-sdk/src/rp2_common/pico_platform_panic/panic.c.o
                0x10002048                panic
 .text.hw_claim_lock
                0x10002078       0x24 CMakeFiles/vibecode4.dir/home/doug/rpi-pico/pico-sdk/src/common/hardware_claim/claim.c.o
                0x10002078                hw_claim_lock
 .text.hw_claim_unlock
                0x1000209c       0x14 CMakeFiles/vibecode4.dir/home/doug/rpi-pico/pico-sdk/src/common/hardware_claim/claim.c.o
                0x1000209c                hw_claim_unlock
 .text.hw_claim_or_assert
                0x100020b0       0x58 CMakeFiles/vibecode4.dir/home/doug/rpi-pico/pico-sdk/src/common/hardware_claim/claim.c.o
                0x100020b0                hw_claim_or_assert
 .text.hw_claim_unused_from_range
                0x10002108       0x80 CMakeFiles/vibecode4.dir/home/doug/rpi-pico/pico-sdk/src/common/hardware_claim/claim.c.o
                0x10002108                hw_claim_unused_from_range
 .text.hw_claim_clear
                0x10002188       0x50 CMakeFiles/vibecode4.dir/home/doug/rpi-pico/pico-sdk/src/common/hardware_claim/claim.c.o
                0x10002188                hw_claim_clear
 .text.next_striped_spin_lock_num
                0x100021d8       0x18 CMakeFiles/vibecode4.dir/home/doug/rpi-pico/pico-sdk/src/rp2_common/hardware_sync/sync.c.o
                0x100021d8                next_striped_spin_lock_num
 .text.spinlock_set_extexclall
                0x100021f0       0x10 CMakeFiles/vibecode4.dir/home/doug/rpi-pico/pico-sdk/src/rp2_common/hardware_sync_spin_lock/sync_spin_lock.c.o
 .text.spin_locks_reset
                0x10002200       0x18 CMakeFiles/vibecode4.dir/home/doug/rpi-pico/pico-sdk/src/rp2_common/hardware_sync_spin_lock/sync_spin_lock.c.o
                0x10002200                spin_locks_reset
 .text.runtime_init_per_core_irq_priorities
                0x10002218       0x40 CMakeFiles/vibecode4.dir/home/doug/rpi-pico/pico-sdk/src/rp2_common/hardware_irq/irq.c.o
                0x10002218                runtime_init_per_core_irq_priorities
 .text.irq_set_enabled
                0x10002258       0x2c CMakeFiles/vibecode4.dir/home/doug/rpi-pico/pico-sdk/src/rp2_common/hardware_irq/irq.c.o
                0x10002258                irq_set_enabled
 .text.irq_set_pending
                0x10002284       0x18 CMakeFiles/vibecode4.dir/home/doug/rpi-pico/pico-sdk/src/rp2_common/hardware_irq/irq.c.o
                0x10002284                irq_set_pending
 .text.irq_set_exclusive_handler
                0x1000229c       0x60 CMakeFiles/vibecode4.dir/home/doug/rpi-pico/pico-sdk/src/rp2_common/hardware_irq/irq.c.o
                0x1000229c                irq_set_exclusive_handler
 .text.irq_add_shared_handler
                0x100022fc      0x1e8 CMakeFiles/vibecode4.dir/home/doug/rpi-pico/pico-sdk/src/rp2_common/hardware_irq/irq.c.o
                0x100022fc                irq_add_shared_handler
 .text.irq_remove_handler
                0x100024e4      0x1f4 CMakeFiles/vibecode4.dir/home/doug/rpi-pico/pico-sdk/src/rp2_common/hardware_irq/irq.c.o
                0x100024e4                irq_remove_handler
 .text.irq_set_priority
                0x100026d8       0x28 CMakeFiles/vibecode4.dir/home/doug/rpi-pico/pico-sdk/src/rp2_common/hardware_irq/irq.c.o
                0x100026d8                irq_set_priority
 .text.irq_add_tail_to_free_list
                0x10002700       0xbc CMakeFiles/vibecode4.dir/home/doug/rpi-pico/pico-sdk/src/rp2_common/hardware_irq/irq.c.o
                0x10002700                irq_add_tail_to_free_list
 .text.user_irq_unclaim
                0x100027bc       0x10 CMakeFiles/vibecode4.dir/home/doug/rpi-pico/pico-sdk/src/rp2_common/hardware_irq/irq.c.o
                0x100027bc                user_irq_unclaim
 .text.user_irq_claim_unused
                0x100027cc       0x28 CMakeFiles/vibecode4.dir/home/doug/rpi-pico/pico-sdk/src/rp2_common/hardware_irq/irq.c.o
                0x100027cc                user_irq_claim_unused
 .text.sem_init
                0x100027f4       0x20 CMakeFiles/vibecode4.dir/home/doug/rpi-pico/pico-sdk/src/common/pico_sync/sem.c.o
                0x100027f4                sem_init
 .text.lock_init
                0x10002814        0xc CMakeFiles/vibecode4.dir/home/doug/rpi-pico/pico-sdk/src/common/pico_sync/lock_core.c.o
                0x10002814                lock_init
 .text.runtime_init_mutex
                0x10002820       0x54 CMakeFiles/vibecode4.dir/home/doug/rpi-pico/pico-sdk/src/common/pico_sync/mutex.c.o
                0x10002820                runtime_init_mutex
 .text.recursive_mutex_init
                0x10002874       0x20 CMakeFiles/vibecode4.dir/home/doug/rpi-pico/pico-sdk/src/common/pico_sync/mutex.c.o
                0x10002874                recursive_mutex_init
 *fill*         0x10002894        0x4 
 .text.alarm_pool_irq_handler
                0x10002898      0x2f0 CMakeFiles/vibecode4.dir/home/doug/rpi-pico/pico-sdk/src/common/pico_time/time.c.o
 .text.sleep_until_callback
                0x10002b88       0x34 CMakeFiles/vibecode4.dir/home/doug/rpi-pico/pico-sdk/src/common/pico_time/time.c.o
 .text.runtime_init_default_alarm_pool
                0x10002bbc      0x100 CMakeFiles/vibecode4.dir/home/doug/rpi-pico/pico-sdk/src/common/pico_time/time.c.o
                0x10002bbc                runtime_init_default_alarm_pool
 .text.alarm_pool_get_default
                0x10002cbc        0x8 CMakeFiles/vibecode4.dir/home/doug/rpi-pico/pico-sdk/src/common/pico_time/time.c.o
                0x10002cbc                alarm_pool_get_default
 .text.alarm_pool_create_on_timer_with_unused_hardware_alarm
                0x10002cc4       0xb4 CMakeFiles/vibecode4.dir/home/doug/rpi-pico/pico-sdk/src/common/pico_time/time.c.o
                0x10002cc4                alarm_pool_create_on_timer_with_unused_hardware_alarm
 .text.alarm_pool_destroy
                0x10002d78       0x84 CMakeFiles/vibecode4.dir/home/doug/rpi-pico/pico-sdk/src/common/pico_time/time.c.o
                0x10002d78                alarm_pool_destroy
 .text.alarm_pool_add_alarm_at
                0x10002dfc       0xdc CMakeFiles/vibecode4.dir/home/doug/rpi-pico/pico-sdk/src/common/pico_time/time.c.o
                0x10002dfc                alarm_pool_add_alarm_at
 .text.alarm_pool_add_alarm_at_force_in_context
                0x10002ed8       0xc8 CMakeFiles/vibecode4.dir/home/doug/rpi-pico/pico-sdk/src/common/pico_time/time.c.o
                0x10002ed8                alarm_pool_add_alarm_at_force_in_context
 .text.alarm_pool_cancel_alarm
                0x10002fa0       0x80 CMakeFiles/vibecode4.dir/home/doug/rpi-pico/pico-sdk/src/common/pico_time/time.c.o
                0x10002fa0                alarm_pool_cancel_alarm
 .text.alarm_pool_core_num
                0x10003020        0x4 CMakeFiles/vibecode4.dir/home/doug/rpi-pico/pico-sdk/src/common/pico_time/time.c.o
                0x10003020                alarm_pool_core_num
 .text.sleep_until
                0x10003024       0xb8 CMakeFiles/vibecode4.dir/home/doug/rpi-pico/pico-sdk/src/common/pico_time/time.c.o
                0x10003024                sleep_until
 .text.sleep_us
                0x100030dc       0xd4 CMakeFiles/vibecode4.dir/home/doug/rpi-pico/pico-sdk/src/common/pico_time/time.c.o
                0x100030dc                sleep_us
 .text.sleep_ms
                0x100031b0       0xd8 CMakeFiles/vibecode4.dir/home/doug/rpi-pico/pico-sdk/src/common/pico_time/time.c.o
                0x100031b0                sleep_ms
 .text.best_effort_wfe_or_timeout
                0x10003288       0xd4 CMakeFiles/vibecode4.dir/home/doug/rpi-pico/pico-sdk/src/common/pico_time/time.c.o
                0x10003288                best_effort_wfe_or_timeout
 .text.alarm_pool_get_default_timer
                0x1000335c        0x8 CMakeFiles/vibecode4.dir/home/doug/rpi-pico/pico-sdk/src/common/pico_time/time.c.o
                0x1000335c                alarm_pool_get_default_timer
 .text.timer_hardware_alarm_claim
                0x10003364       0x24 CMakeFiles/vibecode4.dir/home/doug/rpi-pico/pico-sdk/src/rp2_common/hardware_timer/timer.c.o
                0x10003364                timer_hardware_alarm_claim
 .text.timer_hardware_alarm_unclaim
                0x10003388       0x18 CMakeFiles/vibecode4.dir/home/doug/rpi-pico/pico-sdk/src/rp2_common/hardware_timer/timer.c.o
                0x10003388                timer_hardware_alarm_unclaim
 .text.timer_hardware_alarm_claim_unused
                0x100033a0       0x2c CMakeFiles/vibecode4.dir/home/doug/rpi-pico/pico-sdk/src/rp2_common/hardware_timer/timer.c.o
                0x100033a0                timer_hardware_alarm_claim_unused
 .text.timer_time_us_64
                0x100033cc       0x10 CMakeFiles/vibecode4.dir/home/doug/rpi-pico/pico-sdk/src/rp2_common/hardware_timer/timer.c.o
                0x100033cc                timer_time_us_64
 .text.time_us_64
                0x100033dc       0x14 CMakeFiles/vibecode4.dir/home/doug/rpi-pico/pico-sdk/src/rp2_common/hardware_timer/timer.c.o
                0x100033dc                time_us_64
 .text.busy_wait_us
                0x100033f0       0x5c CMakeFiles/vibecode4.dir/home/doug/rpi-pico/pico-sdk/src/rp2_common/hardware_timer/timer.c.o
                0x100033f0                busy_wait_us
 .text.busy_wait_until
                0x1000344c       0x24 CMakeFiles/vibecode4.dir/home/doug/rpi-pico/pico-sdk/src/rp2_common/hardware_timer/timer.c.o
                0x1000344c                busy_wait_until
 .text.uart_init
                0x10003470      0x104 CMakeFiles/vibecode4.dir/home/doug/rpi-pico/pico-sdk/src/rp2_common/hardware_uart/uart.c.o
                0x10003470                uart_init
 .text.clock_configure_undivided
                0x10003574       0xd0 CMakeFiles/vibecode4.dir/home/doug/rpi-pico/pico-sdk/src/rp2_common/hardware_clocks/clocks.c.o
                0x10003574                clock_configure_undivided
 .text.clock_get_hz
                0x10003644        0xc CMakeFiles/vibecode4.dir/home/doug/rpi-pico/pico-sdk/src/rp2_common/hardware_clocks/clocks.c.o
                0x10003644                clock_get_hz
 .text.pll_init
                0x10003650       0x8c CMakeFiles/vibecode4.dir/home/doug/rpi-pico/pico-sdk/src/rp2_common/hardware_pll/pll.c.o
                0x10003650                pll_init
 .text.tick_start
                0x100036dc       0x18 CMakeFiles/vibecode4.dir/home/doug/rpi-pico/pico-sdk/src/rp2_common/hardware_ticks/ticks.c.o
                0x100036dc                tick_start
 .text.rom_func_lookup
                0x100036f4       0x18 CMakeFiles/vibecode4.dir/home/doug/rpi-pico/pico-sdk/src/rp2_common/pico_bootrom/bootrom.c.o
                0x100036f4                rom_func_lookup
 .text.runtime_init_bootrom_locking_enable
                0x1000370c       0x14 CMakeFiles/vibecode4.dir/home/doug/rpi-pico/pico-sdk/src/rp2_common/pico_bootrom/bootrom_lock.c.o
                0x1000370c                runtime_init_bootrom_locking_enable
 .text.runtime_init_boot_locks_reset
                0x10003720       0x1c CMakeFiles/vibecode4.dir/home/doug/rpi-pico/pico-sdk/src/rp2_common/hardware_boot_lock/boot_lock.c.o
                0x10003720                runtime_init_boot_locks_reset
 .text.xosc_init
                0x1000373c       0x30 CMakeFiles/vibecode4.dir/home/doug/rpi-pico/pico-sdk/src/rp2_common/hardware_xosc/xosc.c.o
                0x1000373c                xosc_init
 .text.first_per_core_initializer
                0x1000376c        0x4 CMakeFiles/vibecode4.dir/home/doug/rpi-pico/pico-sdk/src/rp2_common/pico_runtime/runtime.c.o
 .text.hard_assertion_failure
                0x10003770        0xc CMakeFiles/vibecode4.dir/home/doug/rpi-pico/pico-sdk/src/rp2_common/pico_runtime/runtime.c.o
                0x10003770                hard_assertion_failure
 .text.runtime_run_initializers
                0x1000377c       0x20 CMakeFiles/vibecode4.dir/home/doug/rpi-pico/pico-sdk/src/rp2_common/pico_runtime/runtime.c.o
                0x1000377c                runtime_run_initializers
 .text.runtime_init_early_resets
                0x1000379c       0x34 CMakeFiles/vibecode4.dir/home/doug/rpi-pico/pico-sdk/src/rp2_common/pico_runtime_init/runtime_init.c.o
                0x1000379c                runtime_init_early_resets
 .text.runtime_init_usb_power_down
                0x100037d0       0x1c CMakeFiles/vibecode4.dir/home/doug/rpi-pico/pico-sdk/src/rp2_common/pico_runtime_init/runtime_init.c.o
                0x100037d0                runtime_init_usb_power_down
 .text.runtime_init_per_core_enable_coprocessors
                0x100037ec       0x1c CMakeFiles/vibecode4.dir/home/doug/rpi-pico/pico-sdk/src/rp2_common/pico_runtime_init/runtime_init.c.o
                0x100037ec                runtime_init_per_core_enable_coprocessors
 .text.runtime_init_post_clock_resets
                0x10003808       0x20 CMakeFiles/vibecode4.dir/home/doug/rpi-pico/pico-sdk/src/rp2_common/pico_runtime_init/runtime_init.c.o
                0x10003808                runtime_init_post_clock_resets
 .text.runtime_init_bootrom_reset
                0x10003828       0x14 CMakeFiles/vibecode4.dir/home/doug/rpi-pico/pico-sdk/src/rp2_common/pico_runtime_init/runtime_init.c.o
                0x10003828                runtime_init_bootrom_reset
 .text.runtime_init_per_core_bootrom_reset
                0x1000383c       0x14 CMakeFiles/vibecode4.dir/home/doug/rpi-pico/pico-sdk/src/rp2_common/pico_runtime_init/runtime_init.c.o
                0x1000383c                runtime_init_per_core_bootrom_reset
 .text.runtime_init_spin_locks_reset
                0x10003850        0x4 CMakeFiles/vibecode4.dir/home/doug/rpi-pico/pico-sdk/src/rp2_common/pico_runtime_init/runtime_init.c.o
                0x10003850                runtime_init_spin_locks_reset
 .text.runtime_init_install_ram_vector_table
                0x10003854       0x68 CMakeFiles/vibecode4.dir/home/doug/rpi-pico/pico-sdk/src/rp2_common/pico_runtime_init/runtime_init.c.o
                0x10003854                runtime_init_install_ram_vector_table
 .text.runtime_init_clocks
                0x100038bc       0xdc CMakeFiles/vibecode4.dir/home/doug/rpi-pico/pico-sdk/src/rp2_common/pico_runtime_init/runtime_init_clocks.c.o
                0x100038bc                runtime_init_clocks
 .text.__rp2350_dcp_engaged_state_save_restore
                0x10003998       0x3a CMakeFiles/vibecode4.dir/home/doug/rpi-pico/pico-sdk/src/rp2_common/pico_double/double_aeabi_dcp.S.o
 *fill*         0x100039d2        0x2 
 .text.__wrap___aeabi_dadd
                0x100039d4       0x28 CMakeFiles/vibecode4.dir/home/doug/rpi-pico/pico-sdk/src/rp2_common/pico_double/double_aeabi_dcp.S.o
                0x100039dc                __wrap___aeabi_dadd
 .text.__wrap___aeabi_dsub
                0x100039fc       0x28 CMakeFiles/vibecode4.dir/home/doug/rpi-pico/pico-sdk/src/rp2_common/pico_double/double_aeabi_dcp.S.o
                0x10003a04                __wrap___aeabi_dsub
 .text.__wrap___aeabi_dmul
                0x10003a24       0x4c CMakeFiles/vibecode4.dir/home/doug/rpi-pico/pico-sdk/src/rp2_common/pico_double/double_aeabi_dcp.S.o
                0x10003a2c                __wrap___aeabi_dmul
 .text.__wrap___aeabi_ddiv
                0x10003a70       0x9c CMakeFiles/vibecode4.dir/home/doug/rpi-pico/pico-sdk/src/rp2_common/pico_double/double_aeabi_dcp.S.o
                0x10003a78                __wrap___aeabi_ddiv
 .text.__wrap_sqrt
                0x10003b0c       0x98 CMakeFiles/vibecode4.dir/home/doug/rpi-pico/pico-sdk/src/rp2_common/pico_double/double_aeabi_dcp.S.o
                0x10003b14                __wrap_sqrt
 .text.__wrap___aeabi_d2f
                0x10003ba4       0x1c CMakeFiles/vibecode4.dir/home/doug/rpi-pico/pico-sdk/src/rp2_common/pico_double/double_aeabi_dcp.S.o
                0x10003bac                __wrap___aeabi_d2f
                0x10003bac                double2float
 .text.__wrap___aeabi_i2d
                0x10003bc0       0x24 CMakeFiles/vibecode4.dir/home/doug/rpi-pico/pico-sdk/src/rp2_common/pico_double/double_aeabi_dcp.S.o
                0x10003bc8                __wrap___aeabi_i2d
                0x10003bc8                int2double
 .text.__wrap___aeabi_ui2d
                0x10003be4       0x24 CMakeFiles/vibecode4.dir/home/doug/rpi-pico/pico-sdk/src/rp2_common/pico_double/double_aeabi_dcp.S.o
                0x10003bec                __wrap___aeabi_ui2d
                0x10003bec                uint2double
 .text.__wrap___aeabi_d2iz
                0x10003c08       0x24 CMakeFiles/vibecode4.dir/home/doug/rpi-pico/pico-sdk/src/rp2_common/pico_double/double_aeabi_dcp.S.o
                0x10003c10                double2int_z
                0x10003c10                __wrap___aeabi_d2iz
 .text.__wrap___aeabi_d2uiz
                0x10003c2c       0x24 CMakeFiles/vibecode4.dir/home/doug/rpi-pico/pico-sdk/src/rp2_common/pico_double/double_aeabi_dcp.S.o
                0x10003c34                __wrap___aeabi_d2uiz
                0x10003c34                double2uint
                0x10003c34                double2uint_z
 .text.__wrap___aeabi_dcmpun
                0x10003c50       0x24 CMakeFiles/vibecode4.dir/home/doug/rpi-pico/pico-sdk/src/rp2_common/pico_double/double_aeabi_dcp.S.o
                0x10003c58                __wrap___aeabi_dcmpun
 .text.__wrap___aeabi_dcmpeq
                0x10003c74       0x24 CMakeFiles/vibecode4.dir/home/doug/rpi-pico/pico-sdk/src/rp2_common/pico_double/double_aeabi_dcp.S.o
                0x10003c7c                __wrap___aeabi_dcmpeq
 .text.__wrap___aeabi_dcmplt
                0x10003c98       0x28 CMakeFiles/vibecode4.dir/home/doug/rpi-pico/pico-sdk/src/rp2_common/pico_double/double_aeabi_dcp.S.o
                0x10003ca0                __wrap___aeabi_dcmplt
 .text.__wrap___aeabi_dcmple
                0x10003cc0       0x28 CMakeFiles/vibecode4.dir/home/doug/rpi-pico/pico-sdk/src/rp2_common/pico_double/double_aeabi_dcp.S.o
                0x10003cc8                __wrap___aeabi_dcmple
 .text.__wrap___aeabi_dcmpge
                0x10003ce8       0x28 CMakeFiles/vibecode4.dir/home/doug/rpi-pico/pico-sdk/src/rp2_common/pico_double/double_aeabi_dcp.S.o
                0x10003cf0                __wrap___aeabi_dcmpge
 .text.__wrap___aeabi_dcmpgt
                0x10003d10       0x28 CMakeFiles/vibecode4.dir/home/doug/rpi-pico/pico-sdk/src/rp2_common/pico_double/double_aeabi_dcp.S.o
                0x10003d18                __wrap___aeabi_dcmpgt
 .text.__wrap_conv_tod
                0x10003d38      0x20c CMakeFiles/vibecode4.dir/home/doug/rpi-pico/pico-sdk/src/rp2_common/pico_double/double_conv_m33.S.o
                0x10003d38                int642double
                0x10003d38                __wrap___aeabi_l2d
                0x10003d3a                fix642double
                0x10003dde                __wrap___aeabi_ul2d
                0x10003dde                uint642double
                0x10003de0                ufix642double
                0x10003e74                fix2double
                0x10003ee4                ufix2double
 .text.__wrap_conv_dtoi64_z
                0x10003f44       0xa0 CMakeFiles/vibecode4.dir/home/doug/rpi-pico/pico-sdk/src/rp2_common/pico_double/double_conv_m33.S.o
                0x10003f44                __wrap___aeabi_d2lz
                0x10003f44                double2int64_z
                0x10003f46                double2fix64_z
 .text.__wrap_malloc
                0x10003fe4       0x38 CMakeFiles/vibecode4.dir/home/doug/rpi-pico/pico-sdk/src/rp2_common/pico_malloc/malloc.c.o
                0x10003fe4                __wrap_malloc
 .text.__wrap_calloc
                0x1000401c       0x40 CMakeFiles/vibecode4.dir/home/doug/rpi-pico/pico-sdk/src/rp2_common/pico_malloc/malloc.c.o
                0x1000401c                __wrap_calloc
 .text.__wrap_realloc
                0x1000405c       0x3c CMakeFiles/vibecode4.dir/home/doug/rpi-pico/pico-sdk/src/rp2_common/pico_malloc/malloc.c.o
                0x1000405c                __wrap_realloc
 .text.__wrap_free
                0x10004098       0x20 CMakeFiles/vibecode4.dir/home/doug/rpi-pico/pico-sdk/src/rp2_common/pico_malloc/malloc.c.o
                0x10004098                __wrap_free
 .text._out_buffer
                0x100040b8        0x8 CMakeFiles/vibecode4.dir/home/doug/rpi-pico/pico-sdk/src/rp2_common/pico_printf/printf.c.o
 .text._out_null
                0x100040c0        0x4 CMakeFiles/vibecode4.dir/home/doug/rpi-pico/pico-sdk/src/rp2_common/pico_printf/printf.c.o
 .text._out_rev
                0x100040c4       0x9c CMakeFiles/vibecode4.dir/home/doug/rpi-pico/pico-sdk/src/rp2_common/pico_printf/printf.c.o
 .text._ntoa_format
                0x10004160      0x1d4 CMakeFiles/vibecode4.dir/home/doug/rpi-pico/pico-sdk/src/rp2_common/pico_printf/printf.c.o
 .text._out_char
                0x10004334        0x8 CMakeFiles/vibecode4.dir/home/doug/rpi-pico/pico-sdk/src/rp2_common/pico_printf/printf.c.o
 .text._out_fct
                0x1000433c        0xc CMakeFiles/vibecode4.dir/home/doug/rpi-pico/pico-sdk/src/rp2_common/pico_printf/printf.c.o
 .text._ftoa    0x10004348      0x4bc CMakeFiles/vibecode4.dir/home/doug/rpi-pico/pico-sdk/src/rp2_common/pico_printf/printf.c.o
 *fill*         0x10004804        0x4 
 .text._etoa    0x10004808      0x574 CMakeFiles/vibecode4.dir/home/doug/rpi-pico/pico-sdk/src/rp2_common/pico_printf/printf.c.o
 .text._vsnprintf
                0x10004d7c      0x9e4 CMakeFiles/vibecode4.dir/home/doug/rpi-pico/pico-sdk/src/rp2_common/pico_printf/printf.c.o
 .text.__wrap_sprintf
                0x10005760       0x2c CMakeFiles/vibecode4.dir/home/doug/rpi-pico/pico-sdk/src/rp2_common/pico_printf/printf.c.o
                0x10005760                __wrap_sprintf
 .text.vfctprintf
                0x1000578c       0x28 CMakeFiles/vibecode4.dir/home/doug/rpi-pico/pico-sdk/src/rp2_common/pico_printf/printf.c.o
                0x1000578c                vfctprintf
 .text.weak_raw_printf
                0x100057b4       0x48 CMakeFiles/vibecode4.dir/home/doug/rpi-pico/pico-sdk/src/rp2_common/pico_printf/printf.c.o
                0x100057b4                weak_raw_printf
 .text.weak_raw_vprintf
                0x100057fc       0x30 CMakeFiles/vibecode4.dir/home/doug/rpi-pico/pico-sdk/src/rp2_common/pico_printf/printf.c.o
                0x100057fc                weak_raw_vprintf
 .text._exit    0x1000582c        0x4 CMakeFiles/vibecode4.dir/home/doug/rpi-pico/pico-sdk/src/rp2_common/pico_clib_interface/newlib_interface.c.o
                0x1000582c                _exit
 .text._sbrk    0x10005830       0x2c CMakeFiles/vibecode4.dir/home/doug/rpi-pico/pico-sdk/src/rp2_common/pico_clib_interface/newlib_interface.c.o
                0x10005830                _sbrk
 .text._read    0x1000585c       0x1c CMakeFiles/vibecode4.dir/home/doug/rpi-pico/pico-sdk/src/rp2_common/pico_clib_interface/newlib_interface.c.o
                0x1000585c                _read
 .text._write   0x10005878       0x20 CMakeFiles/vibecode4.dir/home/doug/rpi-pico/pico-sdk/src/rp2_common/pico_clib_interface/newlib_interface.c.o
                0x10005878                _write
 .text._close   0x10005898        0x8 CMakeFiles/vibecode4.dir/home/doug/rpi-pico/pico-sdk/src/rp2_common/pico_clib_interface/newlib_interface.c.o
                0x10005898                _close
 .text._lseek   0x100058a0        0x8 CMakeFiles/vibecode4.dir/home/doug/rpi-pico/pico-sdk/src/rp2_common/pico_clib_interface/newlib_interface.c.o
                0x100058a0                _lseek
 .text.exit     0x100058a8        0x8 CMakeFiles/vibecode4.dir/home/doug/rpi-pico/pico-sdk/src/rp2_common/pico_clib_interface/newlib_interface.c.o
                0x100058a8                exit
 .text.__assert_func
                0x100058b0       0x34 CMakeFiles/vibecode4.dir/home/doug/rpi-pico/pico-sdk/src/rp2_common/pico_clib_interface/newlib_interface.c.o
                0x100058b0                __assert_func
 .text.runtime_init
                0x100058e4       0x24 CMakeFiles/vibecode4.dir/home/doug/rpi-pico/pico-sdk/src/rp2_common/pico_clib_interface/newlib_interface.c.o
                0x100058e4                runtime_init
 .text.stdio_out_chars_no_crlf
                0x10005908        0x8 CMakeFiles/vibecode4.dir/home/doug/rpi-pico/pico-sdk/src/rp2_common/pico_stdio/stdio.c.o
 .text.stdio_out_chars_crlf
                0x10005910       0xb0 CMakeFiles/vibecode4.dir/home/doug/rpi-pico/pico-sdk/src/rp2_common/pico_stdio/stdio.c.o
 .text.stdio_buffered_printer
                0x100059c0       0x60 CMakeFiles/vibecode4.dir/home/doug/rpi-pico/pico-sdk/src/rp2_common/pico_stdio/stdio.c.o
 .text.stdio_put_string
                0x10005a20       0xec CMakeFiles/vibecode4.dir/home/doug/rpi-pico/pico-sdk/src/rp2_common/pico_stdio/stdio.c.o
                0x10005a20                stdio_put_string
 .text.stdio_get_until
                0x10005b0c       0x7c CMakeFiles/vibecode4.dir/home/doug/rpi-pico/pico-sdk/src/rp2_common/pico_stdio/stdio.c.o
                0x10005b0c                stdio_get_until
 .text.stdio_set_driver_enabled
                0x10005b88       0x28 CMakeFiles/vibecode4.dir/home/doug/rpi-pico/pico-sdk/src/rp2_common/pico_stdio/stdio.c.o
                0x10005b88                stdio_set_driver_enabled
 .text.stdio_init_all
                0x10005bb0        0xc CMakeFiles/vibecode4.dir/home/doug/rpi-pico/pico-sdk/src/rp2_common/pico_stdio/stdio.c.o
                0x10005bb0                stdio_init_all
 .text.stdio_getchar_timeout_us
                0x10005bbc       0x8c CMakeFiles/vibecode4.dir/home/doug/rpi-pico/pico-sdk/src/rp2_common/pico_stdio/stdio.c.o
                0x10005bbc                stdio_getchar_timeout_us
 .text.__wrap_putchar
                0x10005c48       0x84 CMakeFiles/vibecode4.dir/home/doug/rpi-pico/pico-sdk/src/rp2_common/pico_stdio/stdio.c.o
                0x10005c48                __wrap_putchar
                0x10005c48                stdio_putchar
 .text.__wrap_puts
                0x10005ccc       0x3c CMakeFiles/vibecode4.dir/home/doug/rpi-pico/pico-sdk/src/rp2_common/pico_stdio/stdio.c.o
                0x10005ccc                __wrap_puts
                0x10005ccc                stdio_puts
 .text.__wrap_vprintf
                0x10005d08       0xc4 CMakeFiles/vibecode4.dir/home/doug/rpi-pico/pico-sdk/src/rp2_common/pico_stdio/stdio.c.o
                0x10005d08                stdio_vprintf
                0x10005d08                __wrap_vprintf
 .text.__wrap_printf
                0x10005dcc       0x1c CMakeFiles/vibecode4.dir/home/doug/rpi-pico/pico-sdk/src/rp2_common/pico_stdio/stdio.c.o
                0x10005dcc                __wrap_printf
                0x10005dcc                stdio_printf
 .text.stdio_uart_out_chars
                0x10005de8       0x50 CMakeFiles/vibecode4.dir/home/doug/rpi-pico/pico-sdk/src/rp2_common/pico_stdio_uart/stdio_uart.c.o
 .text.stdio_uart_in_chars
                0x10005e38       0x94 CMakeFiles/vibecode4.dir/home/doug/rpi-pico/pico-sdk/src/rp2_common/pico_stdio_uart/stdio_uart.c.o
                0x10005e38                stdio_uart_in_chars
 .text.on_uart_rx
                0x10005ecc       0x24 CMakeFiles/vibecode4.dir/home/doug/rpi-pico/pico-sdk/src/rp2_common/pico_stdio_uart/stdio_uart.c.o
 .text.stdio_uart_out_flush
                0x10005ef0       0x10 CMakeFiles/vibecode4.dir/home/doug/rpi-pico/pico-sdk/src/rp2_common/pico_stdio_uart/stdio_uart.c.o
 .text.stdio_uart_set_chars_available_callback
                0x10005f00       0x88 CMakeFiles/vibecode4.dir/home/doug/rpi-pico/pico-sdk/src/rp2_common/pico_stdio_uart/stdio_uart.c.o
 .text.stdio_uart_init
                0x10005f88       0x54 CMakeFiles/vibecode4.dir/home/doug/rpi-pico/pico-sdk/src/rp2_common/pico_stdio_uart/stdio_uart.c.o
                0x10005f88                stdio_uart_init
 .text.multicore_doorbell_claim_unused
                0x10005fdc       0xf8 CMakeFiles/vibecode4.dir/home/doug/rpi-pico/pico-sdk/src/rp2_common/pico_multicore/multicore.c.o
                0x10005fdc                multicore_doorbell_claim_unused
 .text.pio_add_program
                0x100060d4       0xf4 CMakeFiles/vibecode4.dir/home/doug/rpi-pico/pico-sdk/src/rp2_common/hardware_pio/pio.c.o
                0x100060d4                pio_add_program
 .text.pio_sm_set_pindirs_with_mask64
                0x100061c8       0x68 CMakeFiles/vibecode4.dir/home/doug/rpi-pico/pico-sdk/src/rp2_common/hardware_pio/pio.c.o
                0x100061c8                pio_sm_set_pindirs_with_mask64
 .text.pio_sm_set_consecutive_pindirs
                0x10006230       0x8c CMakeFiles/vibecode4.dir/home/doug/rpi-pico/pico-sdk/src/rp2_common/hardware_pio/pio.c.o
                0x10006230                pio_sm_set_consecutive_pindirs
 .text.pio_sm_init
                0x100062bc       0xa8 CMakeFiles/vibecode4.dir/home/doug/rpi-pico/pico-sdk/src/rp2_common/hardware_pio/pio.c.o
                0x100062bc                pio_sm_init
 .text.pio_claim_free_sm_and_add_program_for_gpio_range
                0x10006364      0x170 CMakeFiles/vibecode4.dir/home/doug/rpi-pico/pico-sdk/src/rp2_common/hardware_pio/pio.c.o
                0x10006364                pio_claim_free_sm_and_add_program_for_gpio_range
 .text.pio_remove_program_and_unclaim_sm
                0x100064d4       0x4c CMakeFiles/vibecode4.dir/home/doug/rpi-pico/pico-sdk/src/rp2_common/hardware_pio/pio.c.o
                0x100064d4                pio_remove_program_and_unclaim_sm
 .text.dma_channel_unclaim
                0x10006520        0xc CMakeFiles/vibecode4.dir/home/doug/rpi-pico/pico-sdk/src/rp2_common/hardware_dma/dma.c.o
                0x10006520                dma_channel_unclaim
 .text.dma_claim_unused_channel
                0x1000652c       0x20 CMakeFiles/vibecode4.dir/home/doug/rpi-pico/pico-sdk/src/rp2_common/hardware_dma/dma.c.o
                0x1000652c                dma_claim_unused_channel
 .text.dma_channel_cleanup
                0x1000654c       0x50 CMakeFiles/vibecode4.dir/home/doug/rpi-pico/pico-sdk/src/rp2_common/hardware_dma/dma.c.o
                0x1000654c                dma_channel_cleanup
 .text.prvTaskExitError
                0x1000659c       0x18 CMakeFiles/vibecode4.dir/home/doug/rpi-pico/FreeRTOS-Kernel_real/portable/ThirdParty/Community-Supported-Ports/GCC/RP2350_ARM_NTZ/non_secure/port.c.o
 .text.SysTick_Handler
                0x100065b4       0x24 CMakeFiles/vibecode4.dir/home/doug/rpi-pico/FreeRTOS-Kernel_real/portable/ThirdParty/Community-Supported-Ports/GCC/RP2350_ARM_NTZ/non_secure/port.c.o
                0x100065b4                SysTick_Handler
 .text.prvDoorbellInterruptHandler
                0x100065d8       0x90 CMakeFiles/vibecode4.dir/home/doug/rpi-pico/FreeRTOS-Kernel_real/portable/ThirdParty/Community-Supported-Ports/GCC/RP2350_ARM_NTZ/non_secure/port.c.o
 .text.vPortSetupTimerInterrupt
                0x10006668       0x2c CMakeFiles/vibecode4.dir/home/doug/rpi-pico/FreeRTOS-Kernel_real/portable/ThirdParty/Community-Supported-Ports/GCC/RP2350_ARM_NTZ/non_secure/port.c.o
                0x10006668                vPortSetupTimerInterrupt
 .text.vPortYield
                0x10006694       0x18 CMakeFiles/vibecode4.dir/home/doug/rpi-pico/FreeRTOS-Kernel_real/portable/ThirdParty/Community-Supported-Ports/GCC/RP2350_ARM_NTZ/non_secure/port.c.o
                0x10006694                vPortYield
 .text.vPortEnterCritical
                0x100066ac       0x1c CMakeFiles/vibecode4.dir/home/doug/rpi-pico/FreeRTOS-Kernel_real/portable/ThirdParty/Community-Supported-Ports/GCC/RP2350_ARM_NTZ/non_secure/port.c.o
                0x100066ac                vPortEnterCritical
 .text.vPortExitCritical
                0x100066c8       0x18 CMakeFiles/vibecode4.dir/home/doug/rpi-pico/FreeRTOS-Kernel_real/portable/ThirdParty/Community-Supported-Ports/GCC/RP2350_ARM_NTZ/non_secure/port.c.o
                0x100066c8                vPortExitCritical
 .text.vPortSVCHandler_C
                0x100066e0       0x2c CMakeFiles/vibecode4.dir/home/doug/rpi-pico/FreeRTOS-Kernel_real/portable/ThirdParty/Community-Supported-Ports/GCC/RP2350_ARM_NTZ/non_secure/port.c.o
                0x100066e0                vPortSVCHandler_C
 .text.pxPortInitialiseStack
                0x1000670c       0x78 CMakeFiles/vibecode4.dir/home/doug/rpi-pico/FreeRTOS-Kernel_real/portable/ThirdParty/Community-Supported-Ports/GCC/RP2350_ARM_NTZ/non_secure/port.c.o
                0x1000670c                pxPortInitialiseStack
 .text.xPortStartScheduler
                0x10006784      0x11c CMakeFiles/vibecode4.dir/home/doug/rpi-pico/FreeRTOS-Kernel_real/portable/ThirdParty/Community-Supported-Ports/GCC/RP2350_ARM_NTZ/non_secure/port.c.o
                0x10006784                xPortStartScheduler
 .text.vPortValidateInterruptPriority
                0x100068a0       0x14 CMakeFiles/vibecode4.dir/home/doug/rpi-pico/FreeRTOS-Kernel_real/portable/ThirdParty/Community-Supported-Ports/GCC/RP2350_ARM_NTZ/non_secure/port.c.o
                0x100068a0                vPortValidateInterruptPriority
 .text.ulPortLockGetCurrentOwnerId
                0x100068b4       0x28 CMakeFiles/vibecode4.dir/home/doug/rpi-pico/FreeRTOS-Kernel_real/portable/ThirdParty/Community-Supported-Ports/GCC/RP2350_ARM_NTZ/non_secure/port.c.o
                0x100068b4                ulPortLockGetCurrentOwnerId
 .text.vPortLockInternalSpinUnlockWithWait
                0x100068dc       0x6c CMakeFiles/vibecode4.dir/home/doug/rpi-pico/FreeRTOS-Kernel_real/portable/ThirdParty/Community-Supported-Ports/GCC/RP2350_ARM_NTZ/non_secure/port.c.o
                0x100068dc                vPortLockInternalSpinUnlockWithWait
 .text.vPortLockInternalSpinUnlockWithNotify
                0x10006948       0xf4 CMakeFiles/vibecode4.dir/home/doug/rpi-pico/FreeRTOS-Kernel_real/portable/ThirdParty/Community-Supported-Ports/GCC/RP2350_ARM_NTZ/non_secure/port.c.o
                0x10006948                vPortLockInternalSpinUnlockWithNotify
 .text.xPortLockInternalSpinUnlockWithBestEffortWaitOrTimeout
                0x10006a3c       0xf0 CMakeFiles/vibecode4.dir/home/doug/rpi-pico/FreeRTOS-Kernel_real/portable/ThirdParty/Community-Supported-Ports/GCC/RP2350_ARM_NTZ/non_secure/port.c.o
                0x10006a3c                xPortLockInternalSpinUnlockWithBestEffortWaitOrTimeout
 .text.startup.prvRuntimeInitializer
                0x10006b2c       0x24 CMakeFiles/vibecode4.dir/home/doug/rpi-pico/FreeRTOS-Kernel_real/portable/ThirdParty/Community-Supported-Ports/GCC/RP2350_ARM_NTZ/non_secure/port.c.o
 .text.vRestoreContextOfFirstTask
                0x10006b50       0x2c CMakeFiles/vibecode4.dir/home/doug/rpi-pico/FreeRTOS-Kernel_real/portable/ThirdParty/Community-Supported-Ports/GCC/RP2350_ARM_NTZ/non_secure/portasm.c.o
                0x10006b50                vRestoreContextOfFirstTask
 .text.vStartFirstTask
                0x10006b7c       0x10 CMakeFiles/vibecode4.dir/home/doug/rpi-pico/FreeRTOS-Kernel_real/portable/ThirdParty/Community-Supported-Ports/GCC/RP2350_ARM_NTZ/non_secure/portasm.c.o
                0x10006b7c                vStartFirstTask
 .text.ulSetInterruptMask
                0x10006b8c       0x18 CMakeFiles/vibecode4.dir/home/doug/rpi-pico/FreeRTOS-Kernel_real/portable/ThirdParty/Community-Supported-Ports/GCC/RP2350_ARM_NTZ/non_secure/portasm.c.o
                0x10006b8c                ulSetInterruptMask
 .text.vClearInterruptMask
                0x10006ba4       0x10 CMakeFiles/vibecode4.dir/home/doug/rpi-pico/FreeRTOS-Kernel_real/portable/ThirdParty/Community-Supported-Ports/GCC/RP2350_ARM_NTZ/non_secure/portasm.c.o
                0x10006ba4                vClearInterruptMask
 .text.PendSV_Handler
                0x10006bb4       0x80 CMakeFiles/vibecode4.dir/home/doug/rpi-pico/FreeRTOS-Kernel_real/portable/ThirdParty/Community-Supported-Ports/GCC/RP2350_ARM_NTZ/non_secure/portasm.c.o
                0x10006bb4                PendSV_Handler
 .text.SVC_Handler
                0x10006c34       0x18 CMakeFiles/vibecode4.dir/home/doug/rpi-pico/FreeRTOS-Kernel_real/portable/ThirdParty/Community-Supported-Ports/GCC/RP2350_ARM_NTZ/non_secure/portasm.c.o
                0x10006c34                SVC_Handler
 .text.vEventGroupSetBitsCallback
                0x10006c4c       0x64 CMakeFiles/vibecode4.dir/home/doug/rpi-pico/FreeRTOS-Kernel_real/event_groups.c.o
                0x10006c4c                vEventGroupSetBitsCallback
 .text.xEventGroupCreate
                0x10006cb0       0x1c CMakeFiles/vibecode4.dir/home/doug/rpi-pico/FreeRTOS-Kernel_real/event_groups.c.o
                0x10006cb0                xEventGroupCreate
 .text.xEventGroupWaitBits
                0x10006ccc       0xb0 CMakeFiles/vibecode4.dir/home/doug/rpi-pico/FreeRTOS-Kernel_real/event_groups.c.o
                0x10006ccc                xEventGroupWaitBits
 .text.xEventGroupSetBits
                0x10006d7c       0x68 CMakeFiles/vibecode4.dir/home/doug/rpi-pico/FreeRTOS-Kernel_real/event_groups.c.o
                0x10006d7c                xEventGroupSetBits
 .text.xEventGroupSetBitsFromISR
                0x10006de4       0x1c CMakeFiles/vibecode4.dir/home/doug/rpi-pico/FreeRTOS-Kernel_real/event_groups.c.o
                0x10006de4                xEventGroupSetBitsFromISR
 .text.vListInitialise
                0x10006e00       0x18 CMakeFiles/vibecode4.dir/home/doug/rpi-pico/FreeRTOS-Kernel_real/list.c.o
                0x10006e00                vListInitialise
 .text.vListInitialiseItem
                0x10006e18        0x8 CMakeFiles/vibecode4.dir/home/doug/rpi-pico/FreeRTOS-Kernel_real/list.c.o
                0x10006e18                vListInitialiseItem
 .text.vListInsertEnd
                0x10006e20       0x1c CMakeFiles/vibecode4.dir/home/doug/rpi-pico/FreeRTOS-Kernel_real/list.c.o
                0x10006e20                vListInsertEnd
 .text.vListInsert
                0x10006e3c       0x30 CMakeFiles/vibecode4.dir/home/doug/rpi-pico/FreeRTOS-Kernel_real/list.c.o
                0x10006e3c                vListInsert
 .text.uxListRemove
                0x10006e6c       0x28 CMakeFiles/vibecode4.dir/home/doug/rpi-pico/FreeRTOS-Kernel_real/list.c.o
                0x10006e6c                uxListRemove
 .text.prvCopyDataToQueue
                0x10006e94       0x78 CMakeFiles/vibecode4.dir/home/doug/rpi-pico/FreeRTOS-Kernel_real/queue.c.o
 .text.prvUnlockQueue
                0x10006f0c      0x190 CMakeFiles/vibecode4.dir/home/doug/rpi-pico/FreeRTOS-Kernel_real/queue.c.o
 .text.prvNotifyQueueSetContainer
                0x1000709c       0x84 CMakeFiles/vibecode4.dir/home/doug/rpi-pico/FreeRTOS-Kernel_real/queue.c.o
 .text.xQueueGenericCreate
                0x10007120       0x7c CMakeFiles/vibecode4.dir/home/doug/rpi-pico/FreeRTOS-Kernel_real/queue.c.o
                0x10007120                xQueueGenericCreate
 .text.xQueueGenericSend
                0x1000719c      0x114 CMakeFiles/vibecode4.dir/home/doug/rpi-pico/FreeRTOS-Kernel_real/queue.c.o
                0x1000719c                xQueueGenericSend
 .text.xQueueCreateMutex
                0x100072b0       0x68 CMakeFiles/vibecode4.dir/home/doug/rpi-pico/FreeRTOS-Kernel_real/queue.c.o
                0x100072b0                xQueueCreateMutex
 .text.xQueueGenericSendFromISR
                0x10007318       0xa0 CMakeFiles/vibecode4.dir/home/doug/rpi-pico/FreeRTOS-Kernel_real/queue.c.o
                0x10007318                xQueueGenericSendFromISR
 .text.xQueueReceive
                0x100073b8       0xfc CMakeFiles/vibecode4.dir/home/doug/rpi-pico/FreeRTOS-Kernel_real/queue.c.o
                0x100073b8                xQueueReceive
 .text.xQueueSemaphoreTake
                0x100074b4      0x12c CMakeFiles/vibecode4.dir/home/doug/rpi-pico/FreeRTOS-Kernel_real/queue.c.o
                0x100074b4                xQueueSemaphoreTake
 .text.vQueueAddToRegistry
                0x100075e0      0x130 CMakeFiles/vibecode4.dir/home/doug/rpi-pico/FreeRTOS-Kernel_real/queue.c.o
                0x100075e0                vQueueAddToRegistry
 .text.vQueueWaitForMessageRestricted
                0x10007710       0x50 CMakeFiles/vibecode4.dir/home/doug/rpi-pico/FreeRTOS-Kernel_real/queue.c.o
                0x10007710                vQueueWaitForMessageRestricted
 .text.prvAddNewTaskToReadyList
                0x10007760      0x128 CMakeFiles/vibecode4.dir/home/doug/rpi-pico/FreeRTOS-Kernel_real/tasks.c.o
 .text.prvCreateTask
                0x10007888      0x110 CMakeFiles/vibecode4.dir/home/doug/rpi-pico/FreeRTOS-Kernel_real/tasks.c.o
 .text.prvIdleTask
                0x10007998       0x5c CMakeFiles/vibecode4.dir/home/doug/rpi-pico/FreeRTOS-Kernel_real/tasks.c.o
 .text.xTaskIncrementTick.part.0
                0x100079f4      0x1a4 CMakeFiles/vibecode4.dir/home/doug/rpi-pico/FreeRTOS-Kernel_real/tasks.c.o
 .text.xTaskCreate
                0x10007b98       0x24 CMakeFiles/vibecode4.dir/home/doug/rpi-pico/FreeRTOS-Kernel_real/tasks.c.o
                0x10007b98                xTaskCreate
 .text.vTaskDelete
                0x10007bbc       0xe4 CMakeFiles/vibecode4.dir/home/doug/rpi-pico/FreeRTOS-Kernel_real/tasks.c.o
                0x10007bbc                vTaskDelete
 .text.vTaskStartScheduler
                0x10007ca0       0x74 CMakeFiles/vibecode4.dir/home/doug/rpi-pico/FreeRTOS-Kernel_real/tasks.c.o
                0x10007ca0                vTaskStartScheduler
 .text.vTaskSuspendAll
                0x10007d14       0x10 CMakeFiles/vibecode4.dir/home/doug/rpi-pico/FreeRTOS-Kernel_real/tasks.c.o
                0x10007d14                vTaskSuspendAll
 .text.xTaskResumeAll
                0x10007d24      0x180 CMakeFiles/vibecode4.dir/home/doug/rpi-pico/FreeRTOS-Kernel_real/tasks.c.o
                0x10007d24                xTaskResumeAll
 .text.vTaskDelay
                0x10007ea4       0xa4 CMakeFiles/vibecode4.dir/home/doug/rpi-pico/FreeRTOS-Kernel_real/tasks.c.o
                0x10007ea4                vTaskDelay
 .text.xTaskGetTickCount
                0x10007f48        0xc CMakeFiles/vibecode4.dir/home/doug/rpi-pico/FreeRTOS-Kernel_real/tasks.c.o
                0x10007f48                xTaskGetTickCount
 .text.uxTaskGetNumberOfTasks
                0x10007f54        0xc CMakeFiles/vibecode4.dir/home/doug/rpi-pico/FreeRTOS-Kernel_real/tasks.c.o
                0x10007f54                uxTaskGetNumberOfTasks
 .text.xTaskIncrementTick
                0x10007f60       0x20 CMakeFiles/vibecode4.dir/home/doug/rpi-pico/FreeRTOS-Kernel_real/tasks.c.o
                0x10007f60                xTaskIncrementTick
 .text.vTaskSwitchContext
                0x10007f80       0x74 CMakeFiles/vibecode4.dir/home/doug/rpi-pico/FreeRTOS-Kernel_real/tasks.c.o
                0x10007f80                vTaskSwitchContext
 .text.vTaskPlaceOnEventList
                0x10007ff4       0xb8 CMakeFiles/vibecode4.dir/home/doug/rpi-pico/FreeRTOS-Kernel_real/tasks.c.o
                0x10007ff4                vTaskPlaceOnEventList
 .text.vTaskPlaceOnUnorderedEventList
                0x100080ac      0x100 CMakeFiles/vibecode4.dir/home/doug/rpi-pico/FreeRTOS-Kernel_real/tasks.c.o
                0x100080ac                vTaskPlaceOnUnorderedEventList
 .text.vTaskPlaceOnEventListRestricted
                0x100081ac      0x134 CMakeFiles/vibecode4.dir/home/doug/rpi-pico/FreeRTOS-Kernel_real/tasks.c.o
                0x100081ac                vTaskPlaceOnEventListRestricted
 .text.xTaskRemoveFromEventList
                0x100082e0       0xe0 CMakeFiles/vibecode4.dir/home/doug/rpi-pico/FreeRTOS-Kernel_real/tasks.c.o
                0x100082e0                xTaskRemoveFromEventList
 .text.vTaskRemoveFromUnorderedEventList
                0x100083c0       0xb0 CMakeFiles/vibecode4.dir/home/doug/rpi-pico/FreeRTOS-Kernel_real/tasks.c.o
                0x100083c0                vTaskRemoveFromUnorderedEventList
 .text.vTaskInternalSetTimeOutState
                0x10008470       0x18 CMakeFiles/vibecode4.dir/home/doug/rpi-pico/FreeRTOS-Kernel_real/tasks.c.o
                0x10008470                vTaskInternalSetTimeOutState
 .text.xTaskCheckForTimeOut
                0x10008488       0x78 CMakeFiles/vibecode4.dir/home/doug/rpi-pico/FreeRTOS-Kernel_real/tasks.c.o
                0x10008488                xTaskCheckForTimeOut
 .text.vTaskMissedYield
                0x10008500        0xc CMakeFiles/vibecode4.dir/home/doug/rpi-pico/FreeRTOS-Kernel_real/tasks.c.o
                0x10008500                vTaskMissedYield
 .text.xTaskGetCurrentTaskHandle
                0x1000850c        0xc CMakeFiles/vibecode4.dir/home/doug/rpi-pico/FreeRTOS-Kernel_real/tasks.c.o
                0x1000850c                xTaskGetCurrentTaskHandle
 .text.xTaskPriorityInherit
                0x10008518       0xac CMakeFiles/vibecode4.dir/home/doug/rpi-pico/FreeRTOS-Kernel_real/tasks.c.o
                0x10008518                xTaskPriorityInherit
 .text.xTaskPriorityDisinherit
                0x100085c4       0x94 CMakeFiles/vibecode4.dir/home/doug/rpi-pico/FreeRTOS-Kernel_real/tasks.c.o
                0x100085c4                xTaskPriorityDisinherit
 .text.vTaskPriorityDisinheritAfterTimeout
                0x10008658       0x90 CMakeFiles/vibecode4.dir/home/doug/rpi-pico/FreeRTOS-Kernel_real/tasks.c.o
                0x10008658                vTaskPriorityDisinheritAfterTimeout
 .text.uxTaskResetEventItemValue
                0x100086e8       0x18 CMakeFiles/vibecode4.dir/home/doug/rpi-pico/FreeRTOS-Kernel_real/tasks.c.o
                0x100086e8                uxTaskResetEventItemValue
 .text.pvTaskIncrementMutexHeldCount
                0x10008700       0x14 CMakeFiles/vibecode4.dir/home/doug/rpi-pico/FreeRTOS-Kernel_real/tasks.c.o
                0x10008700                pvTaskIncrementMutexHeldCount
 .text.prvTimerTask
                0x10008714      0x31c CMakeFiles/vibecode4.dir/home/doug/rpi-pico/FreeRTOS-Kernel_real/timers.c.o
 .text.xTimerCreateTimerTask
                0x10008a30       0x84 CMakeFiles/vibecode4.dir/home/doug/rpi-pico/FreeRTOS-Kernel_real/timers.c.o
                0x10008a30                xTimerCreateTimerTask
 .text.xTimerPendFunctionCallFromISR
                0x10008ab4       0x30 CMakeFiles/vibecode4.dir/home/doug/rpi-pico/FreeRTOS-Kernel_real/timers.c.o
                0x10008ab4                xTimerPendFunctionCallFromISR
 .text.exception_set_exclusive_handler
                0x10008ae4       0x4c CMakeFiles/vibecode4.dir/home/doug/rpi-pico/pico-sdk/src/rp2_common/hardware_exception/exception.c.o
                0x10008ae4                exception_set_exclusive_handler
 .text.pvPortMalloc
                0x10008b30      0x11c CMakeFiles/vibecode4.dir/home/doug/rpi-pico/FreeRTOS-Kernel_real/portable/MemMang/heap_4.c.o
                0x10008b30                pvPortMalloc
 .text.vPortFree
                0x10008c4c       0xa4 CMakeFiles/vibecode4.dir/home/doug/rpi-pico/FreeRTOS-Kernel_real/portable/MemMang/heap_4.c.o
                0x10008c4c                vPortFree
 .text.status_led_init
                0x10008cf0       0x48 CMakeFiles/vibecode4.dir/home/doug/rpi-pico/pico-sdk/src/rp2_common/pico_status_led/status_led.c.o
                0x10008cf0                status_led_init
 .text.cyw43_sleep_timeout_reached
                0x10008d38        0xc CMakeFiles/vibecode4.dir/home/doug/rpi-pico/pico-sdk/src/rp2_common/pico_cyw43_driver/cyw43_driver.c.o
 .text.cyw43_irq_init
                0x10008d44       0x28 CMakeFiles/vibecode4.dir/home/doug/rpi-pico/pico-sdk/src/rp2_common/pico_cyw43_driver/cyw43_driver.c.o
                0x10008d44                cyw43_irq_init
 .text.cyw43_gpio_irq_handler
                0x10008d6c       0x48 CMakeFiles/vibecode4.dir/home/doug/rpi-pico/pico-sdk/src/rp2_common/pico_cyw43_driver/cyw43_driver.c.o
 .text.cyw43_do_poll
                0x10008db4       0x70 CMakeFiles/vibecode4.dir/home/doug/rpi-pico/pico-sdk/src/rp2_common/pico_cyw43_driver/cyw43_driver.c.o
 .text.cyw43_post_poll_hook
                0x10008e24        0xc CMakeFiles/vibecode4.dir/home/doug/rpi-pico/pico-sdk/src/rp2_common/pico_cyw43_driver/cyw43_driver.c.o
                0x10008e24                cyw43_post_poll_hook
 .text.cyw43_schedule_internal_poll_dispatch
                0x10008e30       0x14 CMakeFiles/vibecode4.dir/home/doug/rpi-pico/pico-sdk/src/rp2_common/pico_cyw43_driver/cyw43_driver.c.o
                0x10008e30                cyw43_schedule_internal_poll_dispatch
 .text.cyw43_driver_init
                0x10008e44       0x38 CMakeFiles/vibecode4.dir/home/doug/rpi-pico/pico-sdk/src/rp2_common/pico_cyw43_driver/cyw43_driver.c.o
                0x10008e44                cyw43_driver_init
 .text.cyw43_hal_generate_laa_mac
                0x10008e7c       0x28 CMakeFiles/vibecode4.dir/home/doug/rpi-pico/pico-sdk/src/rp2_common/pico_cyw43_driver/cyw43_driver.c.o
                0x10008e7c                cyw43_hal_generate_laa_mac
 .text.cyw43_thread_enter
                0x10008ea4       0x10 CMakeFiles/vibecode4.dir/home/doug/rpi-pico/pico-sdk/src/rp2_common/pico_cyw43_driver/cyw43_driver.c.o
                0x10008ea4                cyw43_thread_enter
 .text.cyw43_thread_exit
                0x10008eb4       0x10 CMakeFiles/vibecode4.dir/home/doug/rpi-pico/pico-sdk/src/rp2_common/pico_cyw43_driver/cyw43_driver.c.o
                0x10008eb4                cyw43_thread_exit
 .text.cyw43_await_background_or_timeout_us
                0x10008ec4       0x6c CMakeFiles/vibecode4.dir/home/doug/rpi-pico/pico-sdk/src/rp2_common/pico_cyw43_driver/cyw43_driver.c.o
                0x10008ec4                cyw43_await_background_or_timeout_us
 .text.cyw43_delay_ms
                0x10008f30       0x40 CMakeFiles/vibecode4.dir/home/doug/rpi-pico/pico-sdk/src/rp2_common/pico_cyw43_driver/cyw43_driver.c.o
                0x10008f30                cyw43_delay_ms
 .text.cyw43_cb_tcpip_deinit
                0x10008f70        0x4 CMakeFiles/vibecode4.dir/home/doug/rpi-pico/pico-sdk/src/rp2_common/pico_cyw43_driver/cyw43_driver.c.o
                0x10008f70                cyw43_cb_tcpip_deinit
 .text.cyw43_cb_tcpip_set_link_up
                0x10008f74        0xc CMakeFiles/vibecode4.dir/home/doug/rpi-pico/pico-sdk/src/rp2_common/pico_cyw43_driver/cyw43_driver.c.o
                0x10008f74                cyw43_cb_tcpip_set_link_up
 .text.cyw43_cb_tcpip_set_link_down
                0x10008f80        0xc CMakeFiles/vibecode4.dir/home/doug/rpi-pico/pico-sdk/src/rp2_common/pico_cyw43_driver/cyw43_driver.c.o
                0x10008f80                cyw43_cb_tcpip_set_link_down
 .text.cyw43_cb_process_ethernet
                0x10008f8c        0xc CMakeFiles/vibecode4.dir/home/doug/rpi-pico/pico-sdk/src/rp2_common/pico_cyw43_driver/cyw43_driver.c.o
                0x10008f8c                cyw43_cb_process_ethernet
 .text.cyw43_set_backplane_window
                0x10008f98       0x70 CMakeFiles/vibecode4.dir/home/doug/rpi-pico/pico-sdk/lib/cyw43-driver/src/cyw43_ll.c.o
 .text.cyw43_ll_parse_async_event
                0x10009008      0x114 CMakeFiles/vibecode4.dir/home/doug/rpi-pico/pico-sdk/lib/cyw43-driver/src/cyw43_ll.c.o
 .text.cyw43_kso_set
                0x1000911c       0x78 CMakeFiles/vibecode4.dir/home/doug/rpi-pico/pico-sdk/lib/cyw43-driver/src/cyw43_ll.c.o
 .text.cyw43_ll_sdpcm_poll_device
                0x10009194      0x230 CMakeFiles/vibecode4.dir/home/doug/rpi-pico/pico-sdk/lib/cyw43-driver/src/cyw43_ll.c.o
 .text.cyw43_sdpcm_send_common
                0x100093c4       0xe8 CMakeFiles/vibecode4.dir/home/doug/rpi-pico/pico-sdk/lib/cyw43-driver/src/cyw43_ll.c.o
 .text.cyw43_do_ioctl.part.0
                0x100094ac       0xb8 CMakeFiles/vibecode4.dir/home/doug/rpi-pico/pico-sdk/lib/cyw43-driver/src/cyw43_ll.c.o
 .text.cyw43_write_iovar_u32.constprop.0
                0x10009564       0x74 CMakeFiles/vibecode4.dir/home/doug/rpi-pico/pico-sdk/lib/cyw43-driver/src/cyw43_ll.c.o
 .text.cyw43_write_iovar_n
                0x100095d8       0x80 CMakeFiles/vibecode4.dir/home/doug/rpi-pico/pico-sdk/lib/cyw43-driver/src/cyw43_ll.c.o
 .text.cyw43_read_backplane.constprop.0
                0x10009658       0xe4 CMakeFiles/vibecode4.dir/home/doug/rpi-pico/pico-sdk/lib/cyw43-driver/src/cyw43_ll.c.o
 .text.cyw43_write_backplane
                0x1000973c       0xf8 CMakeFiles/vibecode4.dir/home/doug/rpi-pico/pico-sdk/lib/cyw43-driver/src/cyw43_ll.c.o
 .text.reset_device_core.constprop.0
                0x10009834      0x3ac CMakeFiles/vibecode4.dir/home/doug/rpi-pico/pico-sdk/lib/cyw43-driver/src/cyw43_ll.c.o
 .text.cyw43_ll_init
                0x10009be0       0x18 CMakeFiles/vibecode4.dir/home/doug/rpi-pico/pico-sdk/lib/cyw43-driver/src/cyw43_ll.c.o
                0x10009be0                cyw43_ll_init
 .text.cyw43_ll_process_packets
                0x10009bf8       0x44 CMakeFiles/vibecode4.dir/home/doug/rpi-pico/pico-sdk/lib/cyw43-driver/src/cyw43_ll.c.o
                0x10009bf8                cyw43_ll_process_packets
 .text.cyw43_ll_ioctl
                0x10009c3c       0x78 CMakeFiles/vibecode4.dir/home/doug/rpi-pico/pico-sdk/lib/cyw43-driver/src/cyw43_ll.c.o
                0x10009c3c                cyw43_ll_ioctl
 .text.cyw43_ll_bus_sleep
                0x10009cb4       0x30 CMakeFiles/vibecode4.dir/home/doug/rpi-pico/pico-sdk/lib/cyw43-driver/src/cyw43_ll.c.o
                0x10009cb4                cyw43_ll_bus_sleep
 .text.cyw43_ll_wifi_get_mac
                0x10009ce4       0x84 CMakeFiles/vibecode4.dir/home/doug/rpi-pico/pico-sdk/lib/cyw43-driver/src/cyw43_ll.c.o
                0x10009ce4                cyw43_ll_wifi_get_mac
 .text.cyw43_ll_bus_init
                0x10009d68      0x840 CMakeFiles/vibecode4.dir/home/doug/rpi-pico/pico-sdk/lib/cyw43-driver/src/cyw43_ll.c.o
                0x10009d68                cyw43_ll_bus_init
 .text.cyw43_ll_wifi_set_wpa_auth
                0x1000a5a8       0x48 CMakeFiles/vibecode4.dir/home/doug/rpi-pico/pico-sdk/lib/cyw43-driver/src/cyw43_ll.c.o
                0x1000a5a8                cyw43_ll_wifi_set_wpa_auth
 .text.cyw43_ll_wifi_rejoin
                0x1000a5f0       0x74 CMakeFiles/vibecode4.dir/home/doug/rpi-pico/pico-sdk/lib/cyw43-driver/src/cyw43_ll.c.o
                0x1000a5f0                cyw43_ll_wifi_rejoin
 .text.cyw43_ll_gpio_set
                0x1000a664       0x9c CMakeFiles/vibecode4.dir/home/doug/rpi-pico/pico-sdk/lib/cyw43-driver/src/cyw43_ll.c.o
                0x1000a664                cyw43_ll_gpio_set
 .text.cyw43_ll_has_work
                0x1000a700       0x14 CMakeFiles/vibecode4.dir/home/doug/rpi-pico/pico-sdk/lib/cyw43-driver/src/cyw43_ll.c.o
                0x1000a700                cyw43_ll_has_work
 .text.cyw43_poll_func
                0x1000a714       0xb8 CMakeFiles/vibecode4.dir/home/doug/rpi-pico/pico-sdk/lib/cyw43-driver/src/cyw43_ctrl.c.o
 .text.cyw43_init
                0x1000a7cc       0x5c CMakeFiles/vibecode4.dir/home/doug/rpi-pico/pico-sdk/lib/cyw43-driver/src/cyw43_ctrl.c.o
                0x1000a7cc                cyw43_init
 .text.cyw43_cb_read_host_interrupt_pin
                0x1000a828        0xc CMakeFiles/vibecode4.dir/home/doug/rpi-pico/pico-sdk/lib/cyw43-driver/src/cyw43_ctrl.c.o
                0x1000a828                cyw43_cb_read_host_interrupt_pin
 .text.cyw43_cb_ensure_awake
                0x1000a834        0xc CMakeFiles/vibecode4.dir/home/doug/rpi-pico/pico-sdk/lib/cyw43-driver/src/cyw43_ctrl.c.o
                0x1000a834                cyw43_cb_ensure_awake
 .text.cyw43_cb_process_async_event
                0x1000a840      0x23c CMakeFiles/vibecode4.dir/home/doug/rpi-pico/pico-sdk/lib/cyw43-driver/src/cyw43_ctrl.c.o
                0x1000a840                cyw43_cb_process_async_event
 .text.cyw43_gpio_set
                0x1000aa7c       0x98 CMakeFiles/vibecode4.dir/home/doug/rpi-pico/pico-sdk/lib/cyw43-driver/src/cyw43_ctrl.c.o
                0x1000aa7c                cyw43_gpio_set
 .text.startup._retrieve_unique_id_on_boot
                0x1000ab14       0x30 CMakeFiles/vibecode4.dir/home/doug/rpi-pico/pico-sdk/src/rp2_common/pico_unique_id/unique_id.c.o
 .text.pico_get_unique_board_id
                0x1000ab44       0x10 CMakeFiles/vibecode4.dir/home/doug/rpi-pico/pico-sdk/src/rp2_common/pico_unique_id/unique_id.c.o
                0x1000ab44                pico_get_unique_board_id
 .text.ns_delay.constprop.0
                0x1000ab54       0x24 CMakeFiles/vibecode4.dir/home/doug/rpi-pico/pico-sdk/src/rp2_common/pico_cyw43_driver/cyw43_bus_pio_spi.c.o
 .text.cyw43_spi_deinit
                0x1000ab78       0x6c CMakeFiles/vibecode4.dir/home/doug/rpi-pico/pico-sdk/src/rp2_common/pico_cyw43_driver/cyw43_bus_pio_spi.c.o
                0x1000ab78                cyw43_spi_deinit
 .text.cyw43_spi_init
                0x1000abe4      0x128 CMakeFiles/vibecode4.dir/home/doug/rpi-pico/pico-sdk/src/rp2_common/pico_cyw43_driver/cyw43_bus_pio_spi.c.o
                0x1000abe4                cyw43_spi_init
 .text.cyw43_spi_transfer
                0x1000ad0c      0x39c CMakeFiles/vibecode4.dir/home/doug/rpi-pico/pico-sdk/src/rp2_common/pico_cyw43_driver/cyw43_bus_pio_spi.c.o
                0x1000ad0c                cyw43_spi_transfer
 .text.cyw43_spi_gpio_setup
                0x1000b0a8       0x40 CMakeFiles/vibecode4.dir/home/doug/rpi-pico/pico-sdk/src/rp2_common/pico_cyw43_driver/cyw43_bus_pio_spi.c.o
                0x1000b0a8                cyw43_spi_gpio_setup
 .text.cyw43_spi_reset
                0x1000b0e8       0x30 CMakeFiles/vibecode4.dir/home/doug/rpi-pico/pico-sdk/src/rp2_common/pico_cyw43_driver/cyw43_bus_pio_spi.c.o
                0x1000b0e8                cyw43_spi_reset
 .text.read_reg_u32_swap
                0x1000b118       0x44 CMakeFiles/vibecode4.dir/home/doug/rpi-pico/pico-sdk/src/rp2_common/pico_cyw43_driver/cyw43_bus_pio_spi.c.o
                0x1000b118                read_reg_u32_swap
 .text.cyw43_read_reg_u32
                0x1000b15c       0x54 CMakeFiles/vibecode4.dir/home/doug/rpi-pico/pico-sdk/src/rp2_common/pico_cyw43_driver/cyw43_bus_pio_spi.c.o
                0x1000b15c                cyw43_read_reg_u32
 .text.cyw43_read_reg_u16
                0x1000b1b0       0x58 CMakeFiles/vibecode4.dir/home/doug/rpi-pico/pico-sdk/src/rp2_common/pico_cyw43_driver/cyw43_bus_pio_spi.c.o
                0x1000b1b0                cyw43_read_reg_u16
 .text.cyw43_read_reg_u8
                0x1000b208       0x58 CMakeFiles/vibecode4.dir/home/doug/rpi-pico/pico-sdk/src/rp2_common/pico_cyw43_driver/cyw43_bus_pio_spi.c.o
                0x1000b208                cyw43_read_reg_u8
 .text.write_reg_u32_swap
                0x1000b260      0x1cc CMakeFiles/vibecode4.dir/home/doug/rpi-pico/pico-sdk/src/rp2_common/pico_cyw43_driver/cyw43_bus_pio_spi.c.o
                0x1000b260                write_reg_u32_swap
 .text.cyw43_write_reg_u32
                0x1000b42c      0x1c8 CMakeFiles/vibecode4.dir/home/doug/rpi-pico/pico-sdk/src/rp2_common/pico_cyw43_driver/cyw43_bus_pio_spi.c.o
                0x1000b42c                cyw43_write_reg_u32
 .text.cyw43_write_reg_u16
                0x1000b5f4      0x1c8 CMakeFiles/vibecode4.dir/home/doug/rpi-pico/pico-sdk/src/rp2_common/pico_cyw43_driver/cyw43_bus_pio_spi.c.o
                0x1000b5f4                cyw43_write_reg_u16
 .text.cyw43_write_reg_u8
                0x1000b7bc      0x1c8 CMakeFiles/vibecode4.dir/home/doug/rpi-pico/pico-sdk/src/rp2_common/pico_cyw43_driver/cyw43_bus_pio_spi.c.o
                0x1000b7bc                cyw43_write_reg_u8
 .text.cyw43_read_bytes
                0x1000b984       0x84 CMakeFiles/vibecode4.dir/home/doug/rpi-pico/pico-sdk/src/rp2_common/pico_cyw43_driver/cyw43_bus_pio_spi.c.o
                0x1000b984                cyw43_read_bytes
 .text.cyw43_write_bytes
                0x1000ba08       0xcc CMakeFiles/vibecode4.dir/home/doug/rpi-pico/pico-sdk/src/rp2_common/pico_cyw43_driver/cyw43_bus_pio_spi.c.o
                0x1000ba08                cyw43_write_bytes
 .text.handle_sync_func_call
                0x1000bad4       0x28 CMakeFiles/vibecode4.dir/home/doug/rpi-pico/pico-sdk/src/rp2_common/pico_async_context/async_context_threadsafe_background.c.o
 .text.async_context_threadsafe_background_acquire_lock_blocking
                0x1000bafc        0x8 CMakeFiles/vibecode4.dir/home/doug/rpi-pico/pico-sdk/src/rp2_common/pico_async_context/async_context_threadsafe_background.c.o
 .text.process_under_lock
                0x1000bb04       0xb0 CMakeFiles/vibecode4.dir/home/doug/rpi-pico/pico-sdk/src/rp2_common/pico_async_context/async_context_threadsafe_background.c.o
 .text.async_context_threadsafe_background_deinit
                0x1000bbb4       0x68 CMakeFiles/vibecode4.dir/home/doug/rpi-pico/pico-sdk/src/rp2_common/pico_async_context/async_context_threadsafe_background.c.o
 .text.low_priority_irq_handler
                0x1000bc1c       0x40 CMakeFiles/vibecode4.dir/home/doug/rpi-pico/pico-sdk/src/rp2_common/pico_async_context/async_context_threadsafe_background.c.o
 .text.async_context_threadsafe_background_wait_for_work_until
                0x1000bc5c        0x8 CMakeFiles/vibecode4.dir/home/doug/rpi-pico/pico-sdk/src/rp2_common/pico_async_context/async_context_threadsafe_background.c.o
 .text.async_context_threadsafe_background_wait_until
                0x1000bc64       0x14 CMakeFiles/vibecode4.dir/home/doug/rpi-pico/pico-sdk/src/rp2_common/pico_async_context/async_context_threadsafe_background.c.o
 .text.async_context_threadsafe_background_execute_sync
                0x1000bc78       0xe4 CMakeFiles/vibecode4.dir/home/doug/rpi-pico/pico-sdk/src/rp2_common/pico_async_context/async_context_threadsafe_background.c.o
                0x1000bc78                async_context_threadsafe_background_execute_sync
 .text.async_context_threadsafe_background_lock_check
                0x1000bd5c       0x20 CMakeFiles/vibecode4.dir/home/doug/rpi-pico/pico-sdk/src/rp2_common/pico_async_context/async_context_threadsafe_background.c.o
 .text.async_context_threadsafe_background_set_work_pending
                0x1000bd7c       0x60 CMakeFiles/vibecode4.dir/home/doug/rpi-pico/pico-sdk/src/rp2_common/pico_async_context/async_context_threadsafe_background.c.o
 .text.alarm_handler
                0x1000bddc       0x58 CMakeFiles/vibecode4.dir/home/doug/rpi-pico/pico-sdk/src/rp2_common/pico_async_context/async_context_threadsafe_background.c.o
 .text.async_context_threadsafe_background_release_lock
                0x1000be34       0x90 CMakeFiles/vibecode4.dir/home/doug/rpi-pico/pico-sdk/src/rp2_common/pico_async_context/async_context_threadsafe_background.c.o
 .text.async_context_threadsafe_background_add_at_time_worker
                0x1000bec4       0x98 CMakeFiles/vibecode4.dir/home/doug/rpi-pico/pico-sdk/src/rp2_common/pico_async_context/async_context_threadsafe_background.c.o
 .text.async_context_threadsafe_background_when_pending_worker
                0x1000bf5c       0x98 CMakeFiles/vibecode4.dir/home/doug/rpi-pico/pico-sdk/src/rp2_common/pico_async_context/async_context_threadsafe_background.c.o
 .text.async_context_threadsafe_background_add_when_pending_worker
                0x1000bff4       0x98 CMakeFiles/vibecode4.dir/home/doug/rpi-pico/pico-sdk/src/rp2_common/pico_async_context/async_context_threadsafe_background.c.o
 .text.async_context_threadsafe_background_remove_at_time_worker
                0x1000c08c       0x98 CMakeFiles/vibecode4.dir/home/doug/rpi-pico/pico-sdk/src/rp2_common/pico_async_context/async_context_threadsafe_background.c.o
 .text.async_context_threadsafe_background_default_config
                0x1000c124        0xc CMakeFiles/vibecode4.dir/home/doug/rpi-pico/pico-sdk/src/rp2_common/pico_async_context/async_context_threadsafe_background.c.o
                0x1000c124                async_context_threadsafe_background_default_config
 .text.async_context_threadsafe_background_init
                0x1000c130       0xa8 CMakeFiles/vibecode4.dir/home/doug/rpi-pico/pico-sdk/src/rp2_common/pico_async_context/async_context_threadsafe_background.c.o
                0x1000c130                async_context_threadsafe_background_init
 .text.async_context_base_add_at_time_worker
                0x1000c1d8       0x24 CMakeFiles/vibecode4.dir/home/doug/rpi-pico/pico-sdk/src/rp2_common/pico_async_context/async_context_base.c.o
                0x1000c1d8                async_context_base_add_at_time_worker
 .text.async_context_base_remove_at_time_worker
                0x1000c1fc       0x20 CMakeFiles/vibecode4.dir/home/doug/rpi-pico/pico-sdk/src/rp2_common/pico_async_context/async_context_base.c.o
                0x1000c1fc                async_context_base_remove_at_time_worker
 .text.async_context_base_add_when_pending_worker
                0x1000c21c       0x20 CMakeFiles/vibecode4.dir/home/doug/rpi-pico/pico-sdk/src/rp2_common/pico_async_context/async_context_base.c.o
                0x1000c21c                async_context_base_add_when_pending_worker
 .text.async_context_base_remove_when_pending_worker
                0x1000c23c       0x20 CMakeFiles/vibecode4.dir/home/doug/rpi-pico/pico-sdk/src/rp2_common/pico_async_context/async_context_base.c.o
                0x1000c23c                async_context_base_remove_when_pending_worker
 .text.async_context_base_execute_once
                0x1000c25c       0xd8 CMakeFiles/vibecode4.dir/home/doug/rpi-pico/pico-sdk/src/rp2_common/pico_async_context/async_context_base.c.o
                0x1000c25c                async_context_base_execute_once
 .text.async_context_base_needs_servicing
                0x1000c334       0x3c CMakeFiles/vibecode4.dir/home/doug/rpi-pico/pico-sdk/src/rp2_common/pico_async_context/async_context_base.c.o
                0x1000c334                async_context_base_needs_servicing
 .text          0x1000c370     0x176c liblvgl.a(lv_obj.c.o)
                0x1000d018                lv_obj_create
                0x1000d034                lv_obj_add_flag
                0x1000d044                lv_obj_remove_flag
                0x1000d054                lv_obj_set_flag
                0x1000d074                lv_obj_add_state
                0x1000d18c                lv_obj_remove_state
                0x1000d704                lv_obj_set_state
                0x1000d894                lv_obj_set_radio_button
                0x1000d8a8                lv_obj_has_flag
                0x1000d8b8                lv_obj_has_flag_any
                0x1000d8c8                lv_obj_get_state
                0x1000d8d0                lv_obj_has_state
                0x1000d8e0                lv_obj_is_radio_button
                0x1000d8ec                lv_obj_get_group
                0x1000d8f8                lv_obj_allocate_spec_attr
                0x1000d920                lv_obj_check_type
                0x1000d930                lv_obj_has_class
                0x1000d944                lv_obj_get_class
                0x1000d948                lv_obj_is_valid
                0x1000d9b8                lv_obj_null_on_delete
                0x1000d9c8                lv_obj_add_screen_load_event
                0x1000da24                lv_obj_add_screen_create_event
                0x1000da80                lv_obj_add_play_timeline_event
                0x1000dad4                lv_obj_set_user_data
                0x1000dad8                lv_obj_get_user_data
 .text          0x1000dadc      0x26c liblvgl.a(lv_obj_class.c.o)
                0x1000db54                lv_obj_class_create_obj
                0x1000dc1c                lv_obj_class_init_obj
                0x1000dcdc                lv_obj_destruct
                0x1000dd00                lv_obj_is_editable
                0x1000dd24                lv_obj_is_group_def
 .text          0x1000dd48      0xd7c liblvgl.a(lv_obj_draw.c.o)
                0x1000dee0                lv_obj_init_draw_rect_dsc
                0x1000e3e8                lv_obj_init_draw_label_dsc
                0x1000e50c                lv_obj_init_draw_image_dsc
                0x1000e658                lv_obj_init_draw_line_dsc
                0x1000e778                lv_obj_init_draw_arc_dsc
                0x1000e884                lv_obj_init_draw_blur_dsc
                0x1000e8c8                lv_obj_calculate_ext_draw_size
                0x1000ea64                lv_obj_refresh_ext_draw_size
                0x1000eaac                lv_obj_get_ext_draw_size
                0x1000eab4                lv_obj_get_layer_type
 .text          0x1000eac4      0x544 liblvgl.a(lv_obj_event.c.o)
                0x1000ebec                lv_obj_send_event
                0x1000ed60                lv_obj_event_base
                0x1000ed94                lv_obj_add_event_cb
                0x1000edbc                lv_obj_get_event_count
                0x1000edcc                lv_obj_get_event_dsc
                0x1000eddc                lv_obj_remove_event
                0x1000edec                lv_obj_remove_event_dsc
                0x1000ee00                lv_obj_remove_event_cb
                0x1000ee54                lv_obj_remove_event_cb_with_user_data
                0x1000eef0                lv_event_get_current_target_obj
                0x1000eef4                lv_event_get_target_obj
                0x1000eef8                lv_event_get_indev
                0x1000ef14                lv_event_get_layer
                0x1000ef24                lv_event_get_old_size
                0x1000ef34                lv_event_get_key
                0x1000ef4c                lv_event_get_rotary_diff
                0x1000ef64                lv_event_get_scroll_anim
                0x1000ef74                lv_event_set_ext_draw_size
                0x1000ef90                lv_event_get_self_size_info
                0x1000efa0                lv_event_get_hit_test_info
                0x1000efb0                lv_event_get_cover_area
                0x1000efc4                lv_event_set_cover_res
                0x1000efe0                lv_event_get_draw_task
                0x1000eff0                lv_event_get_prev_state
 .text          0x1000f008     0x311c liblvgl.a(lv_obj_pos.c.o)
                0x1000f9c0                lv_obj_set_pos
                0x1000fa18                lv_obj_set_x
                0x1000fa4c                lv_obj_set_y
                0x1000fa80                lv_obj_calc_dynamic_width
                0x1000fb1c                lv_obj_calc_dynamic_height
                0x1000fbb8                lv_obj_set_size
                0x1000fc10                lv_obj_set_width
                0x1000fc44                lv_obj_set_height
                0x1000fc78                lv_obj_set_content_width
                0x1000fd14                lv_obj_set_content_height
                0x1000fdb4                lv_obj_set_layout
                0x1000fdf4                lv_obj_is_layout_positioned
                0x1000fe2c                lv_obj_mark_layout_as_dirty
                0x1000fe5c                lv_obj_set_align
                0x1000fe64                lv_obj_align
                0x1000fec4                lv_obj_get_coords
                0x1000fee0                lv_obj_get_x
                0x1000ff38                lv_obj_get_x2
                0x1000ff98                lv_obj_get_y
                0x1000fff0                lv_obj_get_y2
                0x10010050                lv_obj_get_x_aligned
                0x10010064                lv_obj_get_y_aligned
                0x10010078                lv_obj_get_width
                0x10010084                lv_obj_get_height
                0x10010090                lv_obj_get_content_width
                0x10010098                lv_obj_get_content_height
                0x100100a0                lv_obj_get_content_coords
                0x100100a8                lv_obj_get_self_width
                0x100100d0                lv_obj_get_self_height
                0x100100f8                lv_obj_get_style_clamped_width
                0x10010264                lv_obj_get_style_clamped_height
                0x100103bc                lv_obj_is_width_min
                0x10010460                lv_obj_is_height_min
                0x10010504                lv_obj_is_width_max
                0x100105a8                lv_obj_is_height_max
                0x1001064c                lv_obj_refresh_self_size
                0x100106ac                lv_obj_move_children_by
                0x1001096c                lv_obj_transform_point_array
                0x10010a24                lv_obj_transform_point
                0x10010a2c                lv_obj_get_transformed_area
                0x10010ac4                lv_obj_area_is_visible
                0x10010dd0                lv_obj_invalidate_area
                0x10010dfc                lv_obj_invalidate
                0x10010e48                lv_obj_move_to
                0x1001138c                lv_obj_refr_pos
                0x100113c8                lv_obj_refr_size
                0x10011770                lv_obj_align_to
                0x10011dc4                lv_obj_update_layout
                0x10011e9c                lv_obj_is_visible
                0x10011ed0                lv_obj_set_ext_click_area
                0x10011ee4                lv_obj_get_click_area
                0x10011f0c                lv_obj_hit_test
                0x10011f80                lv_clamp_width
                0x1001201c                lv_clamp_height
                0x100120b8                lv_obj_center
                0x10012118                lv_obj_set_transform
                0x1001211c                lv_obj_reset_transform
                0x10012120                lv_obj_get_transform
 *fill*         0x10012124        0x4 
 .text          0x10012128     0x1cb8 liblvgl.a(lv_obj_scroll.c.o)
                0x10012c60                lv_obj_set_scrollbar_mode
                0x10012c90                lv_obj_set_scroll_dir
                0x10012cb0                lv_obj_set_scroll_snap_x
                0x10012ccc                lv_obj_set_scroll_snap_y
                0x10012ce8                lv_obj_get_scrollbar_mode
                0x10012cfc                lv_obj_get_scroll_dir
                0x10012d0c                lv_obj_get_scroll_snap_x
                0x10012d1c                lv_obj_get_scroll_snap_y
                0x10012d2c                lv_obj_get_scroll_x
                0x10012d38                lv_obj_get_scroll_y
                0x10012d44                lv_obj_get_scroll_top
                0x10012d50                lv_obj_get_scroll_bottom
                0x10012d58                lv_obj_get_scroll_left
                0x10012d8c                lv_obj_get_scroll_right
                0x10012dbc                lv_obj_get_scroll_end
                0x10012e10                lv_obj_scroll_by
                0x10012f84                lv_obj_scroll_by_bounded
                0x100134e0                lv_obj_scroll_to
                0x100136f0                lv_obj_scroll_to_x
                0x1001389c                lv_obj_scroll_to_y
                0x10013a94                lv_obj_scroll_to_view
                0x10013ac8                lv_obj_scroll_to_view_recursive
                0x10013b08                lv_obj_scroll_by_raw
                0x10013b54                lv_obj_is_scrolling
                0x10013ba0                lv_obj_stop_scroll_anim
                0x10013bc0                lv_obj_update_snap
                0x10013c20                lv_obj_get_scrollbar_area
                0x10013c68                lv_obj_scrollbar_invalidate
                0x10013ce4                lv_obj_readjust_scroll
 .text          0x10013de0     0x29e4 liblvgl.a(lv_obj_style.c.o)
                0x1001447c                lv_obj_style_init
                0x10014488                lv_obj_style_deinit
                0x100144a8                lv_obj_style_get_disabled
                0x100144f0                lv_obj_enable_style_refresh
                0x100144fc                lv_obj_get_style_prop
                0x10014528                lv_obj_has_style_prop
                0x10014540                lv_obj_get_local_style_prop
                0x10014584                lv_obj_style_apply_color_filter
                0x1001458c                lv_obj_style_state_compare
                0x100147e0                lv_obj_fade_in
                0x10014834                lv_obj_fade_out
                0x100148c8                lv_obj_calculate_style_text_align
                0x1001499c                lv_obj_get_style_opa_recursive
                0x10014ae0                lv_obj_update_layer_type
                0x10015048                lv_obj_refresh_style
                0x1001505c                lv_obj_replace_style
                0x100151e4                lv_obj_style_set_disabled
                0x1001524c                lv_obj_set_local_style_prop
                0x1001544c                lv_obj_style_create_transition
                0x10015b6c                lv_obj_add_style
                0x10015b7c                lv_obj_remove_style
                0x10015c38                lv_obj_remove_theme
                0x10015dac                lv_obj_remove_local_style_prop
                0x100162b8                lv_obj_report_style_change
                0x1001636c                lv_obj_remove_style_all
                0x1001641c                lv_obj_style_apply_recolor
                0x10016510                lv_obj_get_style_recolor_recursive
                0x10016710                lv_obj_bind_style
                0x10016770                lv_obj_bind_style_prop
 .text          0x100167c4      0x96c liblvgl.a(lv_obj_style_gen.c.o)
                0x100167c4                lv_obj_set_style_width
                0x100167d4                lv_obj_set_style_min_width
                0x100167e4                lv_obj_set_style_max_width
                0x100167f4                lv_obj_set_style_height
                0x10016804                lv_obj_set_style_min_height
                0x10016814                lv_obj_set_style_max_height
                0x10016824                lv_obj_set_style_length
                0x10016834                lv_obj_set_style_x
                0x10016844                lv_obj_set_style_y
                0x10016854                lv_obj_set_style_align
                0x10016864                lv_obj_set_style_transform_width
                0x10016874                lv_obj_set_style_transform_height
                0x10016884                lv_obj_set_style_translate_x
                0x10016894                lv_obj_set_style_translate_y
                0x100168a4                lv_obj_set_style_translate_radial
                0x100168b4                lv_obj_set_style_transform_scale_x
                0x100168c4                lv_obj_set_style_transform_scale_y
                0x100168d4                lv_obj_set_style_transform_rotation
                0x100168e4                lv_obj_set_style_transform_pivot_x
                0x100168f4                lv_obj_set_style_transform_pivot_y
                0x10016904                lv_obj_set_style_transform_skew_x
                0x10016914                lv_obj_set_style_transform_skew_y
                0x10016924                lv_obj_set_style_pad_top
                0x10016934                lv_obj_set_style_pad_bottom
                0x10016944                lv_obj_set_style_pad_left
                0x10016954                lv_obj_set_style_pad_right
                0x10016964                lv_obj_set_style_pad_row
                0x10016974                lv_obj_set_style_pad_column
                0x10016984                lv_obj_set_style_pad_radial
                0x10016994                lv_obj_set_style_margin_top
                0x100169a4                lv_obj_set_style_margin_bottom
                0x100169b4                lv_obj_set_style_margin_left
                0x100169c4                lv_obj_set_style_margin_right
                0x100169d4                lv_obj_set_style_bg_color
                0x10016a00                lv_obj_set_style_bg_opa
                0x10016a10                lv_obj_set_style_bg_grad_color
                0x10016a3c                lv_obj_set_style_bg_grad_dir
                0x10016a4c                lv_obj_set_style_bg_main_stop
                0x10016a5c                lv_obj_set_style_bg_grad_stop
                0x10016a6c                lv_obj_set_style_bg_main_opa
                0x10016a7c                lv_obj_set_style_bg_grad_opa
                0x10016a8c                lv_obj_set_style_bg_grad
                0x10016a9c                lv_obj_set_style_bg_image_src
                0x10016aac                lv_obj_set_style_bg_image_opa
                0x10016abc                lv_obj_set_style_bg_image_recolor
                0x10016ae8                lv_obj_set_style_bg_image_recolor_opa
                0x10016af8                lv_obj_set_style_bg_image_tiled
                0x10016b08                lv_obj_set_style_border_color
                0x10016b34                lv_obj_set_style_border_opa
                0x10016b44                lv_obj_set_style_border_width
                0x10016b54                lv_obj_set_style_border_side
                0x10016b64                lv_obj_set_style_border_post
                0x10016b74                lv_obj_set_style_outline_width